Archive member included because of file (symbol)

/home/kisom/Downloads/ARM/gcc-arm/gnuarm-4.0.2/bin/../lib/gcc/arm-elf/4.0.2/../../../../arm-elf/lib/interwork/libc.a(malloc.o)
                              ../lib/fat16.o (malloc)
/home/kisom/Downloads/ARM/gcc-arm/gnuarm-4.0.2/bin/../lib/gcc/arm-elf/4.0.2/../../../../arm-elf/lib/interwork/libc.a(mallocr.o)
                              /home/kisom/Downloads/ARM/gcc-arm/gnuarm-4.0.2/bin/../lib/gcc/arm-elf/4.0.2/../../../../arm-elf/lib/interwork/libc.a(malloc.o) (_malloc_r)
/home/kisom/Downloads/ARM/gcc-arm/gnuarm-4.0.2/bin/../lib/gcc/arm-elf/4.0.2/../../../../arm-elf/lib/interwork/libc.a(memcpy.o)
                              ../lib/sd_raw.o (memcpy)
/home/kisom/Downloads/ARM/gcc-arm/gnuarm-4.0.2/bin/../lib/gcc/arm-elf/4.0.2/../../../../arm-elf/lib/interwork/libc.a(memset.o)
                              ../lib/sd_raw.o (memset)
/home/kisom/Downloads/ARM/gcc-arm/gnuarm-4.0.2/bin/../lib/gcc/arm-elf/4.0.2/../../../../arm-elf/lib/interwork/libc.a(mlock.o)
                              /home/kisom/Downloads/ARM/gcc-arm/gnuarm-4.0.2/bin/../lib/gcc/arm-elf/4.0.2/../../../../arm-elf/lib/interwork/libc.a(mallocr.o) (__malloc_lock)
/home/kisom/Downloads/ARM/gcc-arm/gnuarm-4.0.2/bin/../lib/gcc/arm-elf/4.0.2/../../../../arm-elf/lib/interwork/libc.a(strchr.o)
                              ../lib/fat16.o (strchr)
/home/kisom/Downloads/ARM/gcc-arm/gnuarm-4.0.2/bin/../lib/gcc/arm-elf/4.0.2/../../../../arm-elf/lib/interwork/libc.a(strcmp.o)
                              ../lib/fat16.o (strcmp)
/home/kisom/Downloads/ARM/gcc-arm/gnuarm-4.0.2/bin/../lib/gcc/arm-elf/4.0.2/../../../../arm-elf/lib/interwork/libc.a(strlen.o)
                              ../lib/fat16.o (strlen)
/home/kisom/Downloads/ARM/gcc-arm/gnuarm-4.0.2/bin/../lib/gcc/arm-elf/4.0.2/../../../../arm-elf/lib/interwork/libc.a(strncmp.o)
                              ../lib/fat16.o (strncmp)
/home/kisom/Downloads/ARM/gcc-arm/gnuarm-4.0.2/bin/../lib/gcc/arm-elf/4.0.2/../../../../arm-elf/lib/interwork/libc.a(strncpy.o)
                              ../lib/fat16.o (strncpy)
/home/kisom/Downloads/ARM/gcc-arm/gnuarm-4.0.2/bin/../lib/gcc/arm-elf/4.0.2/../../../../arm-elf/lib/interwork/libc.a(strrchr.o)
                              ../lib/fat16.o (strrchr)
/home/kisom/Downloads/ARM/gcc-arm/gnuarm-4.0.2/bin/../lib/gcc/arm-elf/4.0.2/../../../../arm-elf/lib/interwork/libc.a(freer.o)
                              /home/kisom/Downloads/ARM/gcc-arm/gnuarm-4.0.2/bin/../lib/gcc/arm-elf/4.0.2/../../../../arm-elf/lib/interwork/libc.a(malloc.o) (_free_r)
/home/kisom/Downloads/ARM/gcc-arm/gnuarm-4.0.2/bin/../lib/gcc/arm-elf/4.0.2/../../../../arm-elf/lib/interwork/libc.a(impure.o)
                              /home/kisom/Downloads/ARM/gcc-arm/gnuarm-4.0.2/bin/../lib/gcc/arm-elf/4.0.2/../../../../arm-elf/lib/interwork/libc.a(malloc.o) (_impure_ptr)
/home/kisom/Downloads/ARM/gcc-arm/gnuarm-4.0.2/bin/../lib/gcc/arm-elf/4.0.2/interwork/libgcc.a(_udivsi3.o)
                              ../lib/rprintf.o (__udivsi3)
/home/kisom/Downloads/ARM/gcc-arm/gnuarm-4.0.2/bin/../lib/gcc/arm-elf/4.0.2/interwork/libgcc.a(_divsi3.o)
                              main.o (__divsi3)
/home/kisom/Downloads/ARM/gcc-arm/gnuarm-4.0.2/bin/../lib/gcc/arm-elf/4.0.2/interwork/libgcc.a(_umodsi3.o)
                              ../lib/rprintf.o (__umodsi3)
/home/kisom/Downloads/ARM/gcc-arm/gnuarm-4.0.2/bin/../lib/gcc/arm-elf/4.0.2/interwork/libgcc.a(_modsi3.o)
                              main.o (__modsi3)
/home/kisom/Downloads/ARM/gcc-arm/gnuarm-4.0.2/bin/../lib/gcc/arm-elf/4.0.2/interwork/libgcc.a(_dvmd_tls.o)
                              /home/kisom/Downloads/ARM/gcc-arm/gnuarm-4.0.2/bin/../lib/gcc/arm-elf/4.0.2/interwork/libgcc.a(_udivsi3.o) (__div0)

Allocating common symbols
Common symbol       size              file

fs                  0x4               ../lib/rootdir.o
dir_entry           0x2c              ../lib/rootdir.o
fd                  0x4               ../lib/rootdir.o
partition           0x4               ../lib/rootdir.o
dd                  0x4               ../lib/rootdir.o

Memory Configuration

Name             Origin             Length             Attributes
ROM              0x0000000000010000 0x000000000005f000 xr
RAM              0x0000000040000000 0x0000000000008000 rw
*default*        0x0000000000000000 0xffffffffffffffff

Linker script and memory map

LOAD Startup.o
LOAD main.o
LOAD ../lib/syscalls.o
LOAD ../lib/rprintf.o
LOAD ../lib/serial.o
LOAD ../lib/spi0.o
LOAD ../lib/rootdir.o
LOAD ../lib/sd_raw.o
LOAD ../lib/fat16.o
LOAD ../lib/partition.o
LOAD ../lib/MMA7260.o
LOAD ../lib/LCD_driver.o
LOAD ../lib/vs1002.o
LOAD ../lib/NS73.o
LOAD ../Bootloader/LPCUSB/main_msc.o
LOAD ../Bootloader/LPCUSB/msc_bot.o
LOAD ../Bootloader/LPCUSB/msc_scsi.o
LOAD ../Bootloader/LPCUSB/blockdev_sd.o
LOAD ../Bootloader/LPCUSB/lpc2000_spi.o
LOAD ../Bootloader/LPCUSB/usbinit.o
LOAD ../Bootloader/LPCUSB/usbhw_lpc.o
LOAD ../Bootloader/LPCUSB/usbcontrol.o
LOAD ../Bootloader/LPCUSB/usbstdreq.o
LOAD /home/kisom/Downloads/ARM/gcc-arm/gnuarm-4.0.2/bin/../lib/gcc/arm-elf/4.0.2/../../../../arm-elf/lib/interwork/libc.a
LOAD /home/kisom/Downloads/ARM/gcc-arm/gnuarm-4.0.2/bin/../lib/gcc/arm-elf/4.0.2/../../../../arm-elf/lib/interwork/libm.a
LOAD /home/kisom/Downloads/ARM/gcc-arm/gnuarm-4.0.2/bin/../lib/gcc/arm-elf/4.0.2/../../../../arm-elf/lib/interwork/libc.a
LOAD /home/kisom/Downloads/ARM/gcc-arm/gnuarm-4.0.2/bin/../lib/gcc/arm-elf/4.0.2/interwork/libgcc.a
LOAD /home/kisom/Downloads/ARM/gcc-arm/gnuarm-4.0.2/bin/../lib/gcc/arm-elf/4.0.2/interwork/libgcc.a
LOAD /home/kisom/Downloads/ARM/gcc-arm/gnuarm-4.0.2/bin/../lib/gcc/arm-elf/4.0.2/../../../../arm-elf/lib/interwork/libg.a
LOAD /home/kisom/Downloads/ARM/gcc-arm/gnuarm-4.0.2/bin/../lib/gcc/arm-elf/4.0.2/../../../../arm-elf/lib/interwork/libc.a
LOAD /home/kisom/Downloads/ARM/gcc-arm/gnuarm-4.0.2/bin/../lib/gcc/arm-elf/4.0.2/interwork/libgcc.a

.text           0x0000000000010000     0x9128
 *(.vectorg)
 .vectorg       0x0000000000010000       0x98 Startup.o
                0x0000000000010050                __IRQ_Wrapper
                0x0000000000010098                . = ALIGN (0x4)
 *(.init)
 .init          0x0000000000010098       0xfc Startup.o
                0x0000000000010164                __exit_THUMB
                0x0000000000010098                __startup
                0x0000000000010160                __exit_ARM
 *(.text .text.*)
 .text          0x0000000000010194     0x1810 main.o
                0x00000000000103a4                bootUp
                0x0000000000010bd8                handleMiddleButton
                0x0000000000010370                reset
                0x0000000000010a04                highlightRow
                0x0000000000010b64                handleUpButton
                0x00000000000101bc                getNewFiles
                0x0000000000010ae8                handleDownButton
                0x00000000000113d0                main
                0x0000000000010194                delay_ms
                0x00000000000102ac                fillSettings
                0x0000000000010934                printMenu
                0x000000000001082c                closeSong
                0x0000000000010670                getButton
                0x0000000000010750                loadSongInfo
                0x0000000000010864                quickClear
 .text          0x00000000000119a4       0x64 ../lib/syscalls.o
                0x00000000000119bc                _lseek_r
                0x00000000000119c4                _fstat_r
                0x00000000000119d4                isatty
                0x00000000000119dc                _sbrk_r
                0x00000000000119a4                _read_r
                0x00000000000119b4                _close_r
                0x00000000000119ac                _write_r
 .text          0x0000000000011a08      0x2c4 ../lib/rprintf.o
                0x0000000000011a08                rprintf_devopen
                0x0000000000011a58                rprintf
 .text          0x0000000000011ccc      0x140 ../lib/serial.o
                0x0000000000011dc4                getkey_serial0
                0x0000000000011d9c                putstring_serial0
                0x0000000000011de8                getc0
                0x0000000000011ccc                init_serial0
                0x0000000000011d28                putchar_serial0
                0x0000000000011d74                putc_serial0
 .text          0x0000000000011e0c       0x54 ../lib/spi0.o
                0x0000000000011e4c                SPI0_recv
                0x0000000000011e0c                SPI0_send_recv
                0x0000000000011e44                SPI0_send
 .text          0x0000000000011e60      0x498 ../lib/rootdir.o
                0x00000000000120fc                root_disk_info
                0x0000000000011f48                root_file_exists
                0x0000000000012190                rootDirectory_files
                0x00000000000122a8                root_delete
                0x0000000000012254                root_format
                0x0000000000011f7c                root_open_new
                0x000000000001210c                rootDirectory_files_stream
                0x0000000000011ff0                print_disk_info
                0x0000000000011fc4                root_open
                0x0000000000011e60                openroot
 .text          0x00000000000122f8      0xbf0 ../lib/sd_raw.o
                0x00000000000122f8                sd_raw_available
                0x000000000001242c                sd_raw_read
                0x0000000000012d08                format_card
                0x0000000000012758                sd_raw_init
                0x0000000000012980                sd_raw_read_interval
                0x0000000000012cdc                SDoff
                0x0000000000012a78                sd_raw_get_info
                0x0000000000012a30                sd_raw_sync
                0x0000000000012384                sd_raw_locked
                0x0000000000012594                sd_raw_write
 .text          0x0000000000012ee8     0x1854 ../lib/fat16.o
                0x0000000000013ec0                fat16_resize_file
                0x000000000001469c                find_file_in_dir
                0x00000000000130d4                fat16_close
                0x0000000000013c18                fat16_reset_dir
                0x00000000000142f4                fat16_delete_file
                0x00000000000143c4                fat16_get_fs_free
                0x00000000000133c8                fat16_read_dir
                0x0000000000014060                fat16_seek_file
                0x00000000000143a0                fat16_get_fs_size
                0x0000000000013a74                fat16_close_file
                0x00000000000139f8                fat16_open_file
                0x0000000000013a88                fat16_read_file
                0x0000000000012ee8                fat16_open
                0x00000000000144d0                fat16_create_file
                0x00000000000146f8                open_file_in_dir
                0x00000000000138d4                fat16_get_dir_entry_of_path
                0x00000000000140f8                fat16_write_file
                0x0000000000013858                fat16_open_dir
                0x00000000000135f8                fat16_close_dir
                0x00000000000144c8                fat16_file_size
 .text          0x000000000001473c      0x124 ../lib/partition.o
                0x0000000000014840                partition_close
                0x000000000001473c                partition_open
 .text          0x0000000000014860       0xf4 ../lib/MMA7260.o
                0x00000000000148b4                MMA_get_x
                0x00000000000148bc                MMA_get_y
                0x00000000000148cc                MMA_change_mode
                0x00000000000148c4                MMA_get_z
 .text          0x0000000000014954      0xa44 ../lib/LCD_driver.o
                0x0000000000015370                LCDContrast
                0x0000000000014ed8                LCDPrintLogo
                0x0000000000014b14                LCDInit
                0x0000000000014f5c                LCDPrintString
                0x00000000000149f4                LCDData
                0x0000000000014a98                LCDClear
                0x0000000000014954                LCDCommand
                0x00000000000152c4                LCDSetRowColor
 .text          0x0000000000015398      0x298 ../lib/vs1002.o
                0x000000000001554c                vs1002SetVolume
                0x00000000000153dc                vs1002SCIWrite
                0x0000000000015398                vs1002Config
                0x00000000000154cc                vs1002SineTest
                0x00000000000153c0                vs1002Finish
                0x00000000000155a4                vs1002SendMusic
                0x0000000000015468                vs1002SCIRead
                0x000000000001553c                vs1002Mute
                0x00000000000155f4                vs1002Reset
                0x000000000001543c                vs1002Init
 .text          0x0000000000015630      0x33c ../lib/NS73.o
                0x000000000001579c                ns73Init
                0x0000000000015920                ns73SetChannel
                0x0000000000015630                ns73Config
                0x000000000001567c                ns73Send
                0x0000000000015818                ns73SerialReset
 .text          0x000000000001596c      0x110 ../Bootloader/LPCUSB/main_msc.o
                0x00000000000159e0                main_msc
 .text          0x0000000000015a7c      0x418 ../Bootloader/LPCUSB/msc_bot.o
                0x0000000000015e30                MSCBotBulkIn
                0x0000000000015a7c                MSCBotReset
                0x0000000000015be8                MSCBotBulkOut
 .text          0x0000000000015e94      0x364 ../Bootloader/LPCUSB/msc_scsi.o
                0x0000000000015fe8                SCSIHandleData
                0x0000000000015ea8                SCSIHandleCmd
                0x0000000000015e94                SCSIReset
 .text          0x00000000000161f8      0x514 ../Bootloader/LPCUSB/blockdev_sd.o
                0x0000000000016678                BlockDevRead
                0x000000000001642c                BlockDevInit
                0x0000000000016338                BlockDevGetSize
                0x0000000000016614                BlockDevWrite
 .text          0x000000000001670c      0x228 ../Bootloader/LPCUSB/lpc2000_spi.o
                0x000000000001670c                SPISetSpeed
                0x0000000000016854                SPIInit
                0x00000000000167e4                SPIRecvN
                0x0000000000016728                SPISend
                0x0000000000016780                SPISendN
 .text          0x0000000000016934       0x74 ../Bootloader/LPCUSB/usbinit.o
                0x0000000000016938                USBInit
 .text          0x00000000000169a8      0x5f0 ../Bootloader/LPCUSB/usbhw_lpc.o
                0x0000000000016c94                USBHwEPRead
                0x0000000000016e2c                USBHwISR
                0x0000000000016d40                USBHwEPWrite
                0x0000000000016c24                USBHwEPConfig
                0x0000000000016c14                USBHwSetAddress
                0x0000000000016c04                USBHwConnect
                0x0000000000016af0                USBHwEPStall
                0x00000000000169fc                USBHwRegisterDevIntHandler
                0x00000000000169a8                USBHwRegisterEPIntHandler
                0x0000000000016ae0                USBHwConfigDevice
                0x0000000000016b10                USBHwNakIntEnable
                0x0000000000016b1c                USBHwInit
                0x0000000000016a20                USBHwRegisterFrameHandler
                0x0000000000016f74                USBHwEPGetStatus
 .text          0x0000000000016f98      0x21c ../Bootloader/LPCUSB/usbcontrol.o
                0x000000000001704c                USBHandleControlTransfer
                0x0000000000017198                USBRegisterRequestHandler
 .text          0x00000000000171b4      0x31c ../Bootloader/LPCUSB/usbstdreq.o
                0x00000000000171c4                USBGetDescriptor
                0x00000000000174c0                USBRegisterCustomReqHandler
                0x00000000000171b4                USBRegisterDescriptors
                0x0000000000017248                USBHandleStandardRequest
 .text          0x00000000000174d0       0x40 /home/kisom/Downloads/ARM/gcc-arm/gnuarm-4.0.2/bin/../lib/gcc/arm-elf/4.0.2/../../../../arm-elf/lib/interwork/libc.a(malloc.o)
                0x00000000000174d0                malloc
                0x00000000000174f0                free
 .text          0x0000000000017510      0x788 /home/kisom/Downloads/ARM/gcc-arm/gnuarm-4.0.2/bin/../lib/gcc/arm-elf/4.0.2/../../../../arm-elf/lib/interwork/libc.a(mallocr.o)
                0x0000000000017510                _malloc_r
 .text          0x0000000000017c98       0xb0 /home/kisom/Downloads/ARM/gcc-arm/gnuarm-4.0.2/bin/../lib/gcc/arm-elf/4.0.2/../../../../arm-elf/lib/interwork/libc.a(memcpy.o)
                0x0000000000017c98                memcpy
 .text          0x0000000000017d48       0xa0 /home/kisom/Downloads/ARM/gcc-arm/gnuarm-4.0.2/bin/../lib/gcc/arm-elf/4.0.2/../../../../arm-elf/lib/interwork/libc.a(memset.o)
                0x0000000000017d48                memset
 .text          0x0000000000017de8        0x8 /home/kisom/Downloads/ARM/gcc-arm/gnuarm-4.0.2/bin/../lib/gcc/arm-elf/4.0.2/../../../../arm-elf/lib/interwork/libc.a(mlock.o)
                0x0000000000017dec                __malloc_unlock
                0x0000000000017de8                __malloc_lock
 .text          0x0000000000017df0      0x138 /home/kisom/Downloads/ARM/gcc-arm/gnuarm-4.0.2/bin/../lib/gcc/arm-elf/4.0.2/../../../../arm-elf/lib/interwork/libc.a(strchr.o)
                0x0000000000017df0                strchr
 .text          0x0000000000017f28       0xf8 /home/kisom/Downloads/ARM/gcc-arm/gnuarm-4.0.2/bin/../lib/gcc/arm-elf/4.0.2/../../../../arm-elf/lib/interwork/libc.a(strcmp.o)
                0x0000000000017f28                strcmp
 .text          0x0000000000018020       0xa4 /home/kisom/Downloads/ARM/gcc-arm/gnuarm-4.0.2/bin/../lib/gcc/arm-elf/4.0.2/../../../../arm-elf/lib/interwork/libc.a(strlen.o)
                0x0000000000018020                strlen
 .text          0x00000000000180c4      0x17c /home/kisom/Downloads/ARM/gcc-arm/gnuarm-4.0.2/bin/../lib/gcc/arm-elf/4.0.2/../../../../arm-elf/lib/interwork/libc.a(strncmp.o)
                0x00000000000180c4                strncmp
 .text          0x0000000000018240      0x158 /home/kisom/Downloads/ARM/gcc-arm/gnuarm-4.0.2/bin/../lib/gcc/arm-elf/4.0.2/../../../../arm-elf/lib/interwork/libc.a(strncpy.o)
                0x0000000000018240                strncpy
 .text          0x0000000000018398       0x4c /home/kisom/Downloads/ARM/gcc-arm/gnuarm-4.0.2/bin/../lib/gcc/arm-elf/4.0.2/../../../../arm-elf/lib/interwork/libc.a(strrchr.o)
                0x0000000000018398                strrchr
 .text          0x00000000000183e4      0x3a8 /home/kisom/Downloads/ARM/gcc-arm/gnuarm-4.0.2/bin/../lib/gcc/arm-elf/4.0.2/../../../../arm-elf/lib/interwork/libc.a(freer.o)
                0x00000000000184e4                _free_r
                0x00000000000183e4                _malloc_trim_r
 .text          0x000000000001878c      0x114 /home/kisom/Downloads/ARM/gcc-arm/gnuarm-4.0.2/bin/../lib/gcc/arm-elf/4.0.2/interwork/libgcc.a(_udivsi3.o)
                0x000000000001878c                __udivsi3
                0x0000000000018888                __aeabi_uidivmod
 .text          0x00000000000188a0      0x144 /home/kisom/Downloads/ARM/gcc-arm/gnuarm-4.0.2/bin/../lib/gcc/arm-elf/4.0.2/interwork/libgcc.a(_divsi3.o)
                0x00000000000188a0                __divsi3
                0x00000000000189cc                __aeabi_idivmod
 .text          0x00000000000189e4       0xd0 /home/kisom/Downloads/ARM/gcc-arm/gnuarm-4.0.2/bin/../lib/gcc/arm-elf/4.0.2/interwork/libgcc.a(_umodsi3.o)
                0x00000000000189e4                __umodsi3
 .text          0x0000000000018ab4       0xe8 /home/kisom/Downloads/ARM/gcc-arm/gnuarm-4.0.2/bin/../lib/gcc/arm-elf/4.0.2/interwork/libgcc.a(_modsi3.o)
                0x0000000000018ab4                __modsi3
 .text          0x0000000000018b9c        0x4 /home/kisom/Downloads/ARM/gcc-arm/gnuarm-4.0.2/bin/../lib/gcc/arm-elf/4.0.2/interwork/libgcc.a(_dvmd_tls.o)
                0x0000000000018b9c                __aeabi_ldiv0
                0x0000000000018b9c                __div0
                0x0000000000018b9c                __aeabi_idiv0
 *(.gnu.linkonce.t.*)
 *(.glue_7)
 *(.glue_7t)
 *(.gcc_except_table)
 *(.rodata)
 .rodata        0x0000000000018ba0       0x7c main.o
                0x0000000000018bf4                NotFound
                0x0000000000018ba0                settings
                0x0000000000018bac                radio_channel_menu
                0x0000000000018bd4                volume
                0x0000000000018be4                USB
                0x0000000000018bc8                contrast
                0x0000000000018bbc                radio_power
                0x0000000000018be0                newline
                0x0000000000018c04                welcome
 .rodata        0x0000000000018c1c       0x36 ../Bootloader/LPCUSB/msc_scsi.o
 *fill*         0x0000000000018c52        0x2 00
 .rodata        0x0000000000018c54        0x4 /home/kisom/Downloads/ARM/gcc-arm/gnuarm-4.0.2/bin/../lib/gcc/arm-elf/4.0.2/../../../../arm-elf/lib/interwork/libc.a(impure.o)
                0x0000000000018c54                _global_impure_ptr
 *(.rodata*)
 .rodata.str1.4
                0x0000000000018c58       0x30 main.o
 .rodata.str1.4
                0x0000000000018c88      0x11a ../lib/rootdir.o
                                        0x11c (size before relaxing)
 *fill*         0x0000000000018da2        0x2 00
 .rodata.str1.4
                0x0000000000018da4       0x68 ../lib/sd_raw.o
 .rodata.str1.4
                0x0000000000018e0c       0x28 ../lib/fat16.o
 .rodata.str1.4
                0x0000000000018e34       0x34 ../Bootloader/LPCUSB/main_msc.o
 .rodata.str1.4
                0x0000000000018e68      0x2a8 ../Bootloader/LPCUSB/blockdev_sd.o
                                        0x2ac (size before relaxing)
 .rodata.str1.4
                0x0000000000019110       0x14 ../Bootloader/LPCUSB/lpc2000_spi.o
 .rodata.str1.4
                0x0000000000019124        0x2 /home/kisom/Downloads/ARM/gcc-arm/gnuarm-4.0.2/bin/../lib/gcc/arm-elf/4.0.2/../../../../arm-elf/lib/interwork/libc.a(impure.o)
                                          0x4 (size before relaxing)
 *(.gnu.linkonce.r.*)
                0x0000000000019128                . = ALIGN (0x4)
 *fill*         0x0000000000019126        0x2 00
                0x0000000000019128                . = ALIGN (0x4)

.ctors          0x0000000000019128        0x0
                0x0000000000019128                PROVIDE (__ctors_start__, .)
 *(SORT(.ctors.*))
 *(.ctors)
                0x0000000000019128                . = ALIGN (0x4)
                0x0000000000019128                PROVIDE (__ctors_end__, .)
                0x0000000000019128                . = ALIGN (0x4)

.dtors          0x0000000000019128        0x0
                0x0000000000019128                PROVIDE (__dtors_start__, .)
 *(SORT(.dtors.*))
 *(.dtors)
                0x0000000000019128                . = ALIGN (0x4)
                0x0000000000019128                PROVIDE (__dtors_end__, .)
                0x0000000000019128                . = ALIGN (0x4)
                0x0000000000019128                . = ALIGN (0x4)
                0x0000000000019128                _etext = .
                0x0000000000019128                PROVIDE (etext, .)

.data           0x0000000040000000      0xed0 load address 0x0000000000019128
                0x0000000040000000                _data = .
 *(.vectmapped)
                0x0000000040000000                . = ALIGN (0x4)
 *(.fastrun)
                0x0000000040000000                . = ALIGN (0x4)
                0x0000000040000000                . = ALIGN (0x4)
 *(.data)
 .data          0x0000000040000000        0x8 main.o
                0x0000000040000004                volume_setting
                0x0000000040000000                radio_channel
 .data          0x0000000040000008      0x63e ../lib/LCD_driver.o
                0x0000000040000008                green
                0x0000000040000009                red
                0x000000004000000a                white
 .data          0x0000000040000646       0x75 ../Bootloader/LPCUSB/main_msc.o
 *fill*         0x00000000400006bb        0x1 00
 .data          0x00000000400006bc      0x410 /home/kisom/Downloads/ARM/gcc-arm/gnuarm-4.0.2/bin/../lib/gcc/arm-elf/4.0.2/../../../../arm-elf/lib/interwork/libc.a(mallocr.o)
                0x00000000400006bc                __malloc_sbrk_base
                0x00000000400006c4                __malloc_av_
                0x00000000400006c0                __malloc_trim_threshold
 .data          0x0000000040000acc      0x404 /home/kisom/Downloads/ARM/gcc-arm/gnuarm-4.0.2/bin/../lib/gcc/arm-elf/4.0.2/../../../../arm-elf/lib/interwork/libc.a(impure.o)
                0x0000000040000ecc                _impure_ptr
 *(.data.*)
 *(.gnu.linkonce.d*)
                0x0000000040000ed0                . = ALIGN (0x4)
                0x0000000040000ed0                . = ALIGN (0x4)
                0x0000000040000ed0                _edata = .
                0x0000000040000ed0                PROVIDE (edata, .)

.bss            0x0000000040000ed0      0x9e0
                0x0000000040000ed0                __bss_start = .
                0x0000000040000ed0                __bss_start__ = .
 *(.bss)
 .bss           0x0000000040000ed0      0x480 main.o
                0x0000000040000ed0                radio_enable
 .bss           0x0000000040001350        0x4 ../lib/syscalls.o
 .bss           0x0000000040001354        0x4 ../lib/rprintf.o
 .bss           0x0000000040001358        0x4 ../lib/rootdir.o
 .bss           0x000000004000135c      0x208 ../lib/sd_raw.o
 .bss           0x0000000040001564        0x3 ../lib/LCD_driver.o
                0x0000000040001564                black
 .bss           0x0000000040001567        0x4 ../Bootloader/LPCUSB/main_msc.o
 *fill*         0x000000004000156b        0x1 00
 .bss           0x000000004000156c       0x40 ../Bootloader/LPCUSB/msc_bot.o
 .bss           0x00000000400015ac      0x204 ../Bootloader/LPCUSB/msc_scsi.o
 .bss           0x00000000400017b0        0x8 ../Bootloader/LPCUSB/usbinit.o
 .bss           0x00000000400017b8       0x48 ../Bootloader/LPCUSB/usbhw_lpc.o
 .bss           0x0000000040001800       0x34 ../Bootloader/LPCUSB/usbcontrol.o
 .bss           0x0000000040001834        0xc ../Bootloader/LPCUSB/usbstdreq.o
 .bss           0x0000000040001840       0x34 /home/kisom/Downloads/ARM/gcc-arm/gnuarm-4.0.2/bin/../lib/gcc/arm-elf/4.0.2/../../../../arm-elf/lib/interwork/libc.a(mallocr.o)
                0x0000000040001870                __malloc_top_pad
                0x000000004000186c                __malloc_max_sbrked_mem
                0x0000000040001840                __malloc_current_mallinfo
                0x0000000040001868                __malloc_max_total_mem
 *(.gnu.linkonce.b*)
 *(COMMON)
 COMMON         0x0000000040001874       0x3c ../lib/rootdir.o
                0x0000000040001874                fs
                0x0000000040001878                dir_entry
                0x00000000400018a4                fd
                0x00000000400018a8                partition
                0x00000000400018ac                dd
                0x00000000400018b0                . = ALIGN (0x4)
                0x00000000400018b0                . = ALIGN (0x4)
                0x00000000400018b0                __bss_end__ = .
                0x00000000400018b0                PROVIDE (__bss_end, .)

.stack          0x0000000040001900      0xc00
 *(.stack)
 .stack         0x0000000040001900      0xc00 Startup.o
                0x0000000040002500                PROVIDE (_stack, .)
                0x0000000040002500                . = ALIGN (0x4)
                0x0000000040002500                _end = .
                0x0000000040002500                PROVIDE (end, .)

.stab
 *(.stab)

.stabstr
 *(.stabstr)

.stab.excl
 *(.stab.excl)

.stab.exclstr
 *(.stab.exclstr)

.stab.index
 *(.stab.index)

.stab.indexstr
 *(.stab.indexstr)

.comment        0x0000000000000000      0x276
 *(.comment)
 .comment       0x0000000000000000       0x12 main.o
 .comment       0x0000000000000012       0x12 ../lib/syscalls.o
 .comment       0x0000000000000024       0x12 ../lib/rprintf.o
 .comment       0x0000000000000036       0x12 ../lib/serial.o
 .comment       0x0000000000000048       0x12 ../lib/spi0.o
 .comment       0x000000000000005a       0x12 ../lib/rootdir.o
 .comment       0x000000000000006c       0x12 ../lib/sd_raw.o
 .comment       0x000000000000007e       0x12 ../lib/fat16.o
 .comment       0x0000000000000090       0x12 ../lib/partition.o
 .comment       0x00000000000000a2       0x12 ../lib/MMA7260.o
 .comment       0x00000000000000b4       0x12 ../lib/LCD_driver.o
 .comment       0x00000000000000c6       0x12 ../lib/vs1002.o
 .comment       0x00000000000000d8       0x12 ../lib/NS73.o
 .comment       0x00000000000000ea       0x12 ../Bootloader/LPCUSB/main_msc.o
 .comment       0x00000000000000fc       0x12 ../Bootloader/LPCUSB/msc_bot.o
 .comment       0x000000000000010e       0x12 ../Bootloader/LPCUSB/msc_scsi.o
 .comment       0x0000000000000120       0x12 ../Bootloader/LPCUSB/blockdev_sd.o
 .comment       0x0000000000000132       0x12 ../Bootloader/LPCUSB/lpc2000_spi.o
 .comment       0x0000000000000144       0x12 ../Bootloader/LPCUSB/usbinit.o
 .comment       0x0000000000000156       0x12 ../Bootloader/LPCUSB/usbhw_lpc.o
 .comment       0x0000000000000168       0x12 ../Bootloader/LPCUSB/usbcontrol.o
 .comment       0x000000000000017a       0x12 ../Bootloader/LPCUSB/usbstdreq.o
 .comment       0x000000000000018c       0x12 /home/kisom/Downloads/ARM/gcc-arm/gnuarm-4.0.2/bin/../lib/gcc/arm-elf/4.0.2/../../../../arm-elf/lib/interwork/libc.a(malloc.o)
 .comment       0x000000000000019e       0x12 /home/kisom/Downloads/ARM/gcc-arm/gnuarm-4.0.2/bin/../lib/gcc/arm-elf/4.0.2/../../../../arm-elf/lib/interwork/libc.a(mallocr.o)
 .comment       0x00000000000001b0       0x12 /home/kisom/Downloads/ARM/gcc-arm/gnuarm-4.0.2/bin/../lib/gcc/arm-elf/4.0.2/../../../../arm-elf/lib/interwork/libc.a(memcpy.o)
 .comment       0x00000000000001c2       0x12 /home/kisom/Downloads/ARM/gcc-arm/gnuarm-4.0.2/bin/../lib/gcc/arm-elf/4.0.2/../../../../arm-elf/lib/interwork/libc.a(memset.o)
 .comment       0x00000000000001d4       0x12 /home/kisom/Downloads/ARM/gcc-arm/gnuarm-4.0.2/bin/../lib/gcc/arm-elf/4.0.2/../../../../arm-elf/lib/interwork/libc.a(mlock.o)
 .comment       0x00000000000001e6       0x12 /home/kisom/Downloads/ARM/gcc-arm/gnuarm-4.0.2/bin/../lib/gcc/arm-elf/4.0.2/../../../../arm-elf/lib/interwork/libc.a(strchr.o)
 .comment       0x00000000000001f8       0x12 /home/kisom/Downloads/ARM/gcc-arm/gnuarm-4.0.2/bin/../lib/gcc/arm-elf/4.0.2/../../../../arm-elf/lib/interwork/libc.a(strcmp.o)
 .comment       0x000000000000020a       0x12 /home/kisom/Downloads/ARM/gcc-arm/gnuarm-4.0.2/bin/../lib/gcc/arm-elf/4.0.2/../../../../arm-elf/lib/interwork/libc.a(strlen.o)
 .comment       0x000000000000021c       0x12 /home/kisom/Downloads/ARM/gcc-arm/gnuarm-4.0.2/bin/../lib/gcc/arm-elf/4.0.2/../../../../arm-elf/lib/interwork/libc.a(strncmp.o)
 .comment       0x000000000000022e       0x12 /home/kisom/Downloads/ARM/gcc-arm/gnuarm-4.0.2/bin/../lib/gcc/arm-elf/4.0.2/../../../../arm-elf/lib/interwork/libc.a(strncpy.o)
 .comment       0x0000000000000240       0x12 /home/kisom/Downloads/ARM/gcc-arm/gnuarm-4.0.2/bin/../lib/gcc/arm-elf/4.0.2/../../../../arm-elf/lib/interwork/libc.a(strrchr.o)
 .comment       0x0000000000000252       0x12 /home/kisom/Downloads/ARM/gcc-arm/gnuarm-4.0.2/bin/../lib/gcc/arm-elf/4.0.2/../../../../arm-elf/lib/interwork/libc.a(freer.o)
 .comment       0x0000000000000264       0x12 /home/kisom/Downloads/ARM/gcc-arm/gnuarm-4.0.2/bin/../lib/gcc/arm-elf/4.0.2/../../../../arm-elf/lib/interwork/libc.a(impure.o)

.debug
 *(.debug)

.line
 *(.line)

.debug_srcinfo
 *(.debug_srcinfo)

.debug_sfnames
 *(.debug_sfnames)

.debug_aranges  0x0000000000000000      0x508
 *(.debug_aranges)
 .debug_aranges
                0x0000000000000000       0x28 Startup.o
 .debug_aranges
                0x0000000000000028       0x20 main.o
 .debug_aranges
                0x0000000000000048       0x20 ../lib/syscalls.o
 .debug_aranges
                0x0000000000000068       0x20 ../lib/rprintf.o
 .debug_aranges
                0x0000000000000088       0x20 ../lib/serial.o
 .debug_aranges
                0x00000000000000a8       0x20 ../lib/spi0.o
 .debug_aranges
                0x00000000000000c8       0x20 ../lib/rootdir.o
 .debug_aranges
                0x00000000000000e8       0x20 ../lib/sd_raw.o
 .debug_aranges
                0x0000000000000108       0x20 ../lib/fat16.o
 .debug_aranges
                0x0000000000000128       0x20 ../lib/partition.o
 .debug_aranges
                0x0000000000000148       0x20 ../lib/MMA7260.o
 .debug_aranges
                0x0000000000000168       0x20 ../lib/LCD_driver.o
 .debug_aranges
                0x0000000000000188       0x20 ../lib/vs1002.o
 .debug_aranges
                0x00000000000001a8       0x20 ../lib/NS73.o
 .debug_aranges
                0x00000000000001c8       0x20 ../Bootloader/LPCUSB/main_msc.o
 .debug_aranges
                0x00000000000001e8       0x20 ../Bootloader/LPCUSB/msc_bot.o
 .debug_aranges
                0x0000000000000208       0x20 ../Bootloader/LPCUSB/msc_scsi.o
 .debug_aranges
                0x0000000000000228       0x20 ../Bootloader/LPCUSB/blockdev_sd.o
 .debug_aranges
                0x0000000000000248       0x20 ../Bootloader/LPCUSB/lpc2000_spi.o
 .debug_aranges
                0x0000000000000268       0x20 ../Bootloader/LPCUSB/usbinit.o
 .debug_aranges
                0x0000000000000288       0x20 ../Bootloader/LPCUSB/usbhw_lpc.o
 .debug_aranges
                0x00000000000002a8       0x20 ../Bootloader/LPCUSB/usbcontrol.o
 .debug_aranges
                0x00000000000002c8       0x20 ../Bootloader/LPCUSB/usbstdreq.o
 .debug_aranges
                0x00000000000002e8       0x20 /home/kisom/Downloads/ARM/gcc-arm/gnuarm-4.0.2/bin/../lib/gcc/arm-elf/4.0.2/../../../../arm-elf/lib/interwork/libc.a(malloc.o)
 .debug_aranges
                0x0000000000000308       0x20 /home/kisom/Downloads/ARM/gcc-arm/gnuarm-4.0.2/bin/../lib/gcc/arm-elf/4.0.2/../../../../arm-elf/lib/interwork/libc.a(mallocr.o)
 .debug_aranges
                0x0000000000000328       0x20 /home/kisom/Downloads/ARM/gcc-arm/gnuarm-4.0.2/bin/../lib/gcc/arm-elf/4.0.2/../../../../arm-elf/lib/interwork/libc.a(memcpy.o)
 .debug_aranges
                0x0000000000000348       0x20 /home/kisom/Downloads/ARM/gcc-arm/gnuarm-4.0.2/bin/../lib/gcc/arm-elf/4.0.2/../../../../arm-elf/lib/interwork/libc.a(memset.o)
 .debug_aranges
                0x0000000000000368       0x20 /home/kisom/Downloads/ARM/gcc-arm/gnuarm-4.0.2/bin/../lib/gcc/arm-elf/4.0.2/../../../../arm-elf/lib/interwork/libc.a(mlock.o)
 .debug_aranges
                0x0000000000000388       0x20 /home/kisom/Downloads/ARM/gcc-arm/gnuarm-4.0.2/bin/../lib/gcc/arm-elf/4.0.2/../../../../arm-elf/lib/interwork/libc.a(strchr.o)
 .debug_aranges
                0x00000000000003a8       0x20 /home/kisom/Downloads/ARM/gcc-arm/gnuarm-4.0.2/bin/../lib/gcc/arm-elf/4.0.2/../../../../arm-elf/lib/interwork/libc.a(strcmp.o)
 .debug_aranges
                0x00000000000003c8       0x20 /home/kisom/Downloads/ARM/gcc-arm/gnuarm-4.0.2/bin/../lib/gcc/arm-elf/4.0.2/../../../../arm-elf/lib/interwork/libc.a(strlen.o)
 .debug_aranges
                0x00000000000003e8       0x20 /home/kisom/Downloads/ARM/gcc-arm/gnuarm-4.0.2/bin/../lib/gcc/arm-elf/4.0.2/../../../../arm-elf/lib/interwork/libc.a(strncmp.o)
 .debug_aranges
                0x0000000000000408       0x20 /home/kisom/Downloads/ARM/gcc-arm/gnuarm-4.0.2/bin/../lib/gcc/arm-elf/4.0.2/../../../../arm-elf/lib/interwork/libc.a(strncpy.o)
 .debug_aranges
                0x0000000000000428       0x20 /home/kisom/Downloads/ARM/gcc-arm/gnuarm-4.0.2/bin/../lib/gcc/arm-elf/4.0.2/../../../../arm-elf/lib/interwork/libc.a(strrchr.o)
 .debug_aranges
                0x0000000000000448       0x20 /home/kisom/Downloads/ARM/gcc-arm/gnuarm-4.0.2/bin/../lib/gcc/arm-elf/4.0.2/../../../../arm-elf/lib/interwork/libc.a(freer.o)
 .debug_aranges
                0x0000000000000468       0x20 /home/kisom/Downloads/ARM/gcc-arm/gnuarm-4.0.2/bin/../lib/gcc/arm-elf/4.0.2/interwork/libgcc.a(_udivsi3.o)
 .debug_aranges
                0x0000000000000488       0x20 /home/kisom/Downloads/ARM/gcc-arm/gnuarm-4.0.2/bin/../lib/gcc/arm-elf/4.0.2/interwork/libgcc.a(_divsi3.o)
 .debug_aranges
                0x00000000000004a8       0x20 /home/kisom/Downloads/ARM/gcc-arm/gnuarm-4.0.2/bin/../lib/gcc/arm-elf/4.0.2/interwork/libgcc.a(_umodsi3.o)
 .debug_aranges
                0x00000000000004c8       0x20 /home/kisom/Downloads/ARM/gcc-arm/gnuarm-4.0.2/bin/../lib/gcc/arm-elf/4.0.2/interwork/libgcc.a(_modsi3.o)
 .debug_aranges
                0x00000000000004e8       0x20 /home/kisom/Downloads/ARM/gcc-arm/gnuarm-4.0.2/bin/../lib/gcc/arm-elf/4.0.2/interwork/libgcc.a(_dvmd_tls.o)

.debug_pubnames
                0x0000000000000000      0xec7
 *(.debug_pubnames)
 .debug_pubnames
                0x0000000000000000      0x1a7 main.o
 .debug_pubnames
                0x00000000000001a7       0x69 ../lib/syscalls.o
 .debug_pubnames
                0x0000000000000210       0x32 ../lib/rprintf.o
 .debug_pubnames
                0x0000000000000242       0x7b ../lib/serial.o
 .debug_pubnames
                0x00000000000002bd       0x41 ../lib/spi0.o
 .debug_pubnames
                0x00000000000002fe      0x103 ../lib/rootdir.o
 .debug_pubnames
                0x0000000000000401       0xc1 ../lib/sd_raw.o
 .debug_pubnames
                0x00000000000004c2      0x1b1 ../lib/fat16.o
 .debug_pubnames
                0x0000000000000673       0x39 ../lib/partition.o
 .debug_pubnames
                0x00000000000006ac       0x50 ../lib/MMA7260.o
 .debug_pubnames
                0x00000000000006fc       0xb3 ../lib/LCD_driver.o
 .debug_pubnames
                0x00000000000007af       0xc2 ../lib/vs1002.o
 .debug_pubnames
                0x0000000000000871       0x62 ../lib/NS73.o
 .debug_pubnames
                0x00000000000008d3       0x1f ../Bootloader/LPCUSB/main_msc.o
 .debug_pubnames
                0x00000000000008f2       0x45 ../Bootloader/LPCUSB/msc_bot.o
 .debug_pubnames
                0x0000000000000937       0x45 ../Bootloader/LPCUSB/msc_scsi.o
 .debug_pubnames
                0x000000000000097c       0x5a ../Bootloader/LPCUSB/blockdev_sd.o
 .debug_pubnames
                0x00000000000009d6       0x54 ../Bootloader/LPCUSB/lpc2000_spi.o
 .debug_pubnames
                0x0000000000000a2a       0x1e ../Bootloader/LPCUSB/usbinit.o
 .debug_pubnames
                0x0000000000000a48      0x132 ../Bootloader/LPCUSB/usbhw_lpc.o
 .debug_pubnames
                0x0000000000000b7a       0x4d ../Bootloader/LPCUSB/usbcontrol.o
 .debug_pubnames
                0x0000000000000bc7       0x7f ../Bootloader/LPCUSB/usbstdreq.o
 .debug_pubnames
                0x0000000000000c46       0x26 /home/kisom/Downloads/ARM/gcc-arm/gnuarm-4.0.2/bin/../lib/gcc/arm-elf/4.0.2/../../../../arm-elf/lib/interwork/libc.a(malloc.o)
 .debug_pubnames
                0x0000000000000c6c       0xce /home/kisom/Downloads/ARM/gcc-arm/gnuarm-4.0.2/bin/../lib/gcc/arm-elf/4.0.2/../../../../arm-elf/lib/interwork/libc.a(mallocr.o)
 .debug_pubnames
                0x0000000000000d3a       0x1d /home/kisom/Downloads/ARM/gcc-arm/gnuarm-4.0.2/bin/../lib/gcc/arm-elf/4.0.2/../../../../arm-elf/lib/interwork/libc.a(memcpy.o)
 .debug_pubnames
                0x0000000000000d57       0x1d /home/kisom/Downloads/ARM/gcc-arm/gnuarm-4.0.2/bin/../lib/gcc/arm-elf/4.0.2/../../../../arm-elf/lib/interwork/libc.a(memset.o)
 .debug_pubnames
                0x0000000000000d74       0x38 /home/kisom/Downloads/ARM/gcc-arm/gnuarm-4.0.2/bin/../lib/gcc/arm-elf/4.0.2/../../../../arm-elf/lib/interwork/libc.a(mlock.o)
 .debug_pubnames
                0x0000000000000dac       0x1d /home/kisom/Downloads/ARM/gcc-arm/gnuarm-4.0.2/bin/../lib/gcc/arm-elf/4.0.2/../../../../arm-elf/lib/interwork/libc.a(strchr.o)
 .debug_pubnames
                0x0000000000000dc9       0x1d /home/kisom/Downloads/ARM/gcc-arm/gnuarm-4.0.2/bin/../lib/gcc/arm-elf/4.0.2/../../../../arm-elf/lib/interwork/libc.a(strcmp.o)
 .debug_pubnames
                0x0000000000000de6       0x1d /home/kisom/Downloads/ARM/gcc-arm/gnuarm-4.0.2/bin/../lib/gcc/arm-elf/4.0.2/../../../../arm-elf/lib/interwork/libc.a(strlen.o)
 .debug_pubnames
                0x0000000000000e03       0x1e /home/kisom/Downloads/ARM/gcc-arm/gnuarm-4.0.2/bin/../lib/gcc/arm-elf/4.0.2/../../../../arm-elf/lib/interwork/libc.a(strncmp.o)
 .debug_pubnames
                0x0000000000000e21       0x1e /home/kisom/Downloads/ARM/gcc-arm/gnuarm-4.0.2/bin/../lib/gcc/arm-elf/4.0.2/../../../../arm-elf/lib/interwork/libc.a(strncpy.o)
 .debug_pubnames
                0x0000000000000e3f       0x1e /home/kisom/Downloads/ARM/gcc-arm/gnuarm-4.0.2/bin/../lib/gcc/arm-elf/4.0.2/../../../../arm-elf/lib/interwork/libc.a(strrchr.o)
 .debug_pubnames
                0x0000000000000e5d       0x31 /home/kisom/Downloads/ARM/gcc-arm/gnuarm-4.0.2/bin/../lib/gcc/arm-elf/4.0.2/../../../../arm-elf/lib/interwork/libc.a(freer.o)
 .debug_pubnames
                0x0000000000000e8e       0x39 /home/kisom/Downloads/ARM/gcc-arm/gnuarm-4.0.2/bin/../lib/gcc/arm-elf/4.0.2/../../../../arm-elf/lib/interwork/libc.a(impure.o)

.debug_info     0x0000000000000000     0x9e3c
 *(.debug_info .gnu.linkonce.wi.*)
 .debug_info    0x0000000000000000       0x59 Startup.o
 .debug_info    0x0000000000000059      0x8d7 main.o
 .debug_info    0x0000000000000930      0xc95 ../lib/syscalls.o
 .debug_info    0x00000000000015c5      0x1fc ../lib/rprintf.o
 .debug_info    0x00000000000017c1      0x135 ../lib/serial.o
 .debug_info    0x00000000000018f6       0xec ../lib/spi0.o
 .debug_info    0x00000000000019e2      0x547 ../lib/rootdir.o
 .debug_info    0x0000000000001f29      0x5a1 ../lib/sd_raw.o
 .debug_info    0x00000000000024ca     0x1457 ../lib/fat16.o
 .debug_info    0x0000000000003921      0x288 ../lib/partition.o
 .debug_info    0x0000000000003ba9      0x108 ../lib/MMA7260.o
 .debug_info    0x0000000000003cb1      0x4e4 ../lib/LCD_driver.o
 .debug_info    0x0000000000004195      0x1c9 ../lib/vs1002.o
 .debug_info    0x000000000000435e      0x131 ../lib/NS73.o
 .debug_info    0x000000000000448f      0x1af ../Bootloader/LPCUSB/main_msc.o
 .debug_info    0x000000000000463e      0x3bd ../Bootloader/LPCUSB/msc_bot.o
 .debug_info    0x00000000000049fb      0x2f1 ../Bootloader/LPCUSB/msc_scsi.o
 .debug_info    0x0000000000004cec      0x35d ../Bootloader/LPCUSB/blockdev_sd.o
 .debug_info    0x0000000000005049      0x1da ../Bootloader/LPCUSB/lpc2000_spi.o
 .debug_info    0x0000000000005223       0xbc ../Bootloader/LPCUSB/usbinit.o
 .debug_info    0x00000000000052df      0x612 ../Bootloader/LPCUSB/usbhw_lpc.o
 .debug_info    0x00000000000058f1      0x2df ../Bootloader/LPCUSB/usbcontrol.o
 .debug_info    0x0000000000005bd0      0x463 ../Bootloader/LPCUSB/usbstdreq.o
 .debug_info    0x0000000000006033      0x955 /home/kisom/Downloads/ARM/gcc-arm/gnuarm-4.0.2/bin/../lib/gcc/arm-elf/4.0.2/../../../../arm-elf/lib/interwork/libc.a(malloc.o)
 .debug_info    0x0000000000006988      0xcbb /home/kisom/Downloads/ARM/gcc-arm/gnuarm-4.0.2/bin/../lib/gcc/arm-elf/4.0.2/../../../../arm-elf/lib/interwork/libc.a(mallocr.o)
 .debug_info    0x0000000000007643      0x10d /home/kisom/Downloads/ARM/gcc-arm/gnuarm-4.0.2/bin/../lib/gcc/arm-elf/4.0.2/../../../../arm-elf/lib/interwork/libc.a(memcpy.o)
 .debug_info    0x0000000000007750      0x10f /home/kisom/Downloads/ARM/gcc-arm/gnuarm-4.0.2/bin/../lib/gcc/arm-elf/4.0.2/../../../../arm-elf/lib/interwork/libc.a(memset.o)
 .debug_info    0x000000000000785f      0x93e /home/kisom/Downloads/ARM/gcc-arm/gnuarm-4.0.2/bin/../lib/gcc/arm-elf/4.0.2/../../../../arm-elf/lib/interwork/libc.a(mlock.o)
 .debug_info    0x000000000000819d      0x110 /home/kisom/Downloads/ARM/gcc-arm/gnuarm-4.0.2/bin/../lib/gcc/arm-elf/4.0.2/../../../../arm-elf/lib/interwork/libc.a(strchr.o)
 .debug_info    0x00000000000082ad       0xd9 /home/kisom/Downloads/ARM/gcc-arm/gnuarm-4.0.2/bin/../lib/gcc/arm-elf/4.0.2/../../../../arm-elf/lib/interwork/libc.a(strcmp.o)
 .debug_info    0x0000000000008386       0xd5 /home/kisom/Downloads/ARM/gcc-arm/gnuarm-4.0.2/bin/../lib/gcc/arm-elf/4.0.2/../../../../arm-elf/lib/interwork/libc.a(strlen.o)
 .debug_info    0x000000000000845b       0xf1 /home/kisom/Downloads/ARM/gcc-arm/gnuarm-4.0.2/bin/../lib/gcc/arm-elf/4.0.2/../../../../arm-elf/lib/interwork/libc.a(strncmp.o)
 .debug_info    0x000000000000854c      0x126 /home/kisom/Downloads/ARM/gcc-arm/gnuarm-4.0.2/bin/../lib/gcc/arm-elf/4.0.2/../../../../arm-elf/lib/interwork/libc.a(strncpy.o)
 .debug_info    0x0000000000008672       0xc4 /home/kisom/Downloads/ARM/gcc-arm/gnuarm-4.0.2/bin/../lib/gcc/arm-elf/4.0.2/../../../../arm-elf/lib/interwork/libc.a(strrchr.o)
 .debug_info    0x0000000000008736      0xbaf /home/kisom/Downloads/ARM/gcc-arm/gnuarm-4.0.2/bin/../lib/gcc/arm-elf/4.0.2/../../../../arm-elf/lib/interwork/libc.a(freer.o)
 .debug_info    0x00000000000092e5      0x922 /home/kisom/Downloads/ARM/gcc-arm/gnuarm-4.0.2/bin/../lib/gcc/arm-elf/4.0.2/../../../../arm-elf/lib/interwork/libc.a(impure.o)
 .debug_info    0x0000000000009c07       0x71 /home/kisom/Downloads/ARM/gcc-arm/gnuarm-4.0.2/bin/../lib/gcc/arm-elf/4.0.2/interwork/libgcc.a(_udivsi3.o)
 .debug_info    0x0000000000009c78       0x71 /home/kisom/Downloads/ARM/gcc-arm/gnuarm-4.0.2/bin/../lib/gcc/arm-elf/4.0.2/interwork/libgcc.a(_divsi3.o)
 .debug_info    0x0000000000009ce9       0x71 /home/kisom/Downloads/ARM/gcc-arm/gnuarm-4.0.2/bin/../lib/gcc/arm-elf/4.0.2/interwork/libgcc.a(_umodsi3.o)
 .debug_info    0x0000000000009d5a       0x71 /home/kisom/Downloads/ARM/gcc-arm/gnuarm-4.0.2/bin/../lib/gcc/arm-elf/4.0.2/interwork/libgcc.a(_modsi3.o)
 .debug_info    0x0000000000009dcb       0x71 /home/kisom/Downloads/ARM/gcc-arm/gnuarm-4.0.2/bin/../lib/gcc/arm-elf/4.0.2/interwork/libgcc.a(_dvmd_tls.o)

.debug_abbrev   0x0000000000000000     0x2b15
 *(.debug_abbrev)
 .debug_abbrev  0x0000000000000000       0x10 Startup.o
 .debug_abbrev  0x0000000000000010      0x23e main.o
 .debug_abbrev  0x000000000000024e      0x1c5 ../lib/syscalls.o
 .debug_abbrev  0x0000000000000413      0x133 ../lib/rprintf.o
 .debug_abbrev  0x0000000000000546       0xbb ../lib/serial.o
 .debug_abbrev  0x0000000000000601       0x8d ../lib/spi0.o
 .debug_abbrev  0x000000000000068e      0x180 ../lib/rootdir.o
 .debug_abbrev  0x000000000000080e      0x21a ../lib/sd_raw.o
 .debug_abbrev  0x0000000000000a28      0x2c9 ../lib/fat16.o
 .debug_abbrev  0x0000000000000cf1       0xde ../lib/partition.o
 .debug_abbrev  0x0000000000000dcf       0xa9 ../lib/MMA7260.o
 .debug_abbrev  0x0000000000000e78      0x19f ../lib/LCD_driver.o
 .debug_abbrev  0x0000000000001017       0xae ../lib/vs1002.o
 .debug_abbrev  0x00000000000010c5       0xc1 ../lib/NS73.o
 .debug_abbrev  0x0000000000001186       0xc7 ../Bootloader/LPCUSB/main_msc.o
 .debug_abbrev  0x000000000000124d      0x1e1 ../Bootloader/LPCUSB/msc_bot.o
 .debug_abbrev  0x000000000000142e      0x111 ../Bootloader/LPCUSB/msc_scsi.o
 .debug_abbrev  0x000000000000153f      0x1e7 ../Bootloader/LPCUSB/blockdev_sd.o
 .debug_abbrev  0x0000000000001726      0x136 ../Bootloader/LPCUSB/lpc2000_spi.o
 .debug_abbrev  0x000000000000185c       0xa0 ../Bootloader/LPCUSB/usbinit.o
 .debug_abbrev  0x00000000000018fc      0x1f3 ../Bootloader/LPCUSB/usbhw_lpc.o
 .debug_abbrev  0x0000000000001aef      0x135 ../Bootloader/LPCUSB/usbcontrol.o
 .debug_abbrev  0x0000000000001c24      0x1f3 ../Bootloader/LPCUSB/usbstdreq.o
 .debug_abbrev  0x0000000000001e17      0x187 /home/kisom/Downloads/ARM/gcc-arm/gnuarm-4.0.2/bin/../lib/gcc/arm-elf/4.0.2/../../../../arm-elf/lib/interwork/libc.a(malloc.o)
 .debug_abbrev  0x0000000000001f9e      0x223 /home/kisom/Downloads/ARM/gcc-arm/gnuarm-4.0.2/bin/../lib/gcc/arm-elf/4.0.2/../../../../arm-elf/lib/interwork/libc.a(mallocr.o)
 .debug_abbrev  0x00000000000021c1       0x99 /home/kisom/Downloads/ARM/gcc-arm/gnuarm-4.0.2/bin/../lib/gcc/arm-elf/4.0.2/../../../../arm-elf/lib/interwork/libc.a(memcpy.o)
 .debug_abbrev  0x000000000000225a       0xa9 /home/kisom/Downloads/ARM/gcc-arm/gnuarm-4.0.2/bin/../lib/gcc/arm-elf/4.0.2/../../../../arm-elf/lib/interwork/libc.a(memset.o)
 .debug_abbrev  0x0000000000002303      0x16a /home/kisom/Downloads/ARM/gcc-arm/gnuarm-4.0.2/bin/../lib/gcc/arm-elf/4.0.2/../../../../arm-elf/lib/interwork/libc.a(mlock.o)
 .debug_abbrev  0x000000000000246d       0x8f /home/kisom/Downloads/ARM/gcc-arm/gnuarm-4.0.2/bin/../lib/gcc/arm-elf/4.0.2/../../../../arm-elf/lib/interwork/libc.a(strchr.o)
 .debug_abbrev  0x00000000000024fc       0x71 /home/kisom/Downloads/ARM/gcc-arm/gnuarm-4.0.2/bin/../lib/gcc/arm-elf/4.0.2/../../../../arm-elf/lib/interwork/libc.a(strcmp.o)
 .debug_abbrev  0x000000000000256d       0x8b /home/kisom/Downloads/ARM/gcc-arm/gnuarm-4.0.2/bin/../lib/gcc/arm-elf/4.0.2/../../../../arm-elf/lib/interwork/libc.a(strlen.o)
 .debug_abbrev  0x00000000000025f8       0x7e /home/kisom/Downloads/ARM/gcc-arm/gnuarm-4.0.2/bin/../lib/gcc/arm-elf/4.0.2/../../../../arm-elf/lib/interwork/libc.a(strncmp.o)
 .debug_abbrev  0x0000000000002676       0x8d /home/kisom/Downloads/ARM/gcc-arm/gnuarm-4.0.2/bin/../lib/gcc/arm-elf/4.0.2/../../../../arm-elf/lib/interwork/libc.a(strncpy.o)
 .debug_abbrev  0x0000000000002703       0x6f /home/kisom/Downloads/ARM/gcc-arm/gnuarm-4.0.2/bin/../lib/gcc/arm-elf/4.0.2/../../../../arm-elf/lib/interwork/libc.a(strrchr.o)
 .debug_abbrev  0x0000000000002772      0x1e8 /home/kisom/Downloads/ARM/gcc-arm/gnuarm-4.0.2/bin/../lib/gcc/arm-elf/4.0.2/../../../../arm-elf/lib/interwork/libc.a(freer.o)
 .debug_abbrev  0x000000000000295a      0x157 /home/kisom/Downloads/ARM/gcc-arm/gnuarm-4.0.2/bin/../lib/gcc/arm-elf/4.0.2/../../../../arm-elf/lib/interwork/libc.a(impure.o)
 .debug_abbrev  0x0000000000002ab1       0x14 /home/kisom/Downloads/ARM/gcc-arm/gnuarm-4.0.2/bin/../lib/gcc/arm-elf/4.0.2/interwork/libgcc.a(_udivsi3.o)
 .debug_abbrev  0x0000000000002ac5       0x14 /home/kisom/Downloads/ARM/gcc-arm/gnuarm-4.0.2/bin/../lib/gcc/arm-elf/4.0.2/interwork/libgcc.a(_divsi3.o)
 .debug_abbrev  0x0000000000002ad9       0x14 /home/kisom/Downloads/ARM/gcc-arm/gnuarm-4.0.2/bin/../lib/gcc/arm-elf/4.0.2/interwork/libgcc.a(_umodsi3.o)
 .debug_abbrev  0x0000000000002aed       0x14 /home/kisom/Downloads/ARM/gcc-arm/gnuarm-4.0.2/bin/../lib/gcc/arm-elf/4.0.2/interwork/libgcc.a(_modsi3.o)
 .debug_abbrev  0x0000000000002b01       0x14 /home/kisom/Downloads/ARM/gcc-arm/gnuarm-4.0.2/bin/../lib/gcc/arm-elf/4.0.2/interwork/libgcc.a(_dvmd_tls.o)

.debug_line     0x0000000000000000     0x2a50
 *(.debug_line)
 .debug_line    0x0000000000000000       0xa0 Startup.o
 .debug_line    0x00000000000000a0      0x2e0 main.o
 .debug_line    0x0000000000000380      0x1d8 ../lib/syscalls.o
 .debug_line    0x0000000000000558       0xee ../lib/rprintf.o
 .debug_line    0x0000000000000646       0x61 ../lib/serial.o
 .debug_line    0x00000000000006a7       0x47 ../lib/spi0.o
 .debug_line    0x00000000000006ee      0x174 ../lib/rootdir.o
 .debug_line    0x0000000000000862      0x20c ../lib/sd_raw.o
 .debug_line    0x0000000000000a6e      0x4c8 ../lib/fat16.o
 .debug_line    0x0000000000000f36       0xec ../lib/partition.o
 .debug_line    0x0000000000001022       0x68 ../lib/MMA7260.o
 .debug_line    0x000000000000108a      0x1c7 ../lib/LCD_driver.o
 .debug_line    0x0000000000001251       0xa0 ../lib/vs1002.o
 .debug_line    0x00000000000012f1       0xc3 ../lib/NS73.o
 .debug_line    0x00000000000013b4       0x86 ../Bootloader/LPCUSB/main_msc.o
 .debug_line    0x000000000000143a      0x106 ../Bootloader/LPCUSB/msc_bot.o
 .debug_line    0x0000000000001540       0xd9 ../Bootloader/LPCUSB/msc_scsi.o
 .debug_line    0x0000000000001619      0x109 ../Bootloader/LPCUSB/blockdev_sd.o
 .debug_line    0x0000000000001722       0x98 ../Bootloader/LPCUSB/lpc2000_spi.o
 .debug_line    0x00000000000017ba       0x63 ../Bootloader/LPCUSB/usbinit.o
 .debug_line    0x000000000000181d      0x182 ../Bootloader/LPCUSB/usbhw_lpc.o
 .debug_line    0x000000000000199f       0xc2 ../Bootloader/LPCUSB/usbcontrol.o
 .debug_line    0x0000000000001a61      0x101 ../Bootloader/LPCUSB/usbstdreq.o
 .debug_line    0x0000000000001b62      0x10c /home/kisom/Downloads/ARM/gcc-arm/gnuarm-4.0.2/bin/../lib/gcc/arm-elf/4.0.2/../../../../arm-elf/lib/interwork/libc.a(malloc.o)
 .debug_line    0x0000000000001c6e      0x237 /home/kisom/Downloads/ARM/gcc-arm/gnuarm-4.0.2/bin/../lib/gcc/arm-elf/4.0.2/../../../../arm-elf/lib/interwork/libc.a(mallocr.o)
 .debug_line    0x0000000000001ea5       0xd7 /home/kisom/Downloads/ARM/gcc-arm/gnuarm-4.0.2/bin/../lib/gcc/arm-elf/4.0.2/../../../../arm-elf/lib/interwork/libc.a(memcpy.o)
 .debug_line    0x0000000000001f7c       0xdd /home/kisom/Downloads/ARM/gcc-arm/gnuarm-4.0.2/bin/../lib/gcc/arm-elf/4.0.2/../../../../arm-elf/lib/interwork/libc.a(memset.o)
 .debug_line    0x0000000000002059      0x104 /home/kisom/Downloads/ARM/gcc-arm/gnuarm-4.0.2/bin/../lib/gcc/arm-elf/4.0.2/../../../../arm-elf/lib/interwork/libc.a(mlock.o)
 .debug_line    0x000000000000215d       0x83 /home/kisom/Downloads/ARM/gcc-arm/gnuarm-4.0.2/bin/../lib/gcc/arm-elf/4.0.2/../../../../arm-elf/lib/interwork/libc.a(strchr.o)
 .debug_line    0x00000000000021e0       0x8e /home/kisom/Downloads/ARM/gcc-arm/gnuarm-4.0.2/bin/../lib/gcc/arm-elf/4.0.2/../../../../arm-elf/lib/interwork/libc.a(strcmp.o)
 .debug_line    0x000000000000226e       0xb9 /home/kisom/Downloads/ARM/gcc-arm/gnuarm-4.0.2/bin/../lib/gcc/arm-elf/4.0.2/../../../../arm-elf/lib/interwork/libc.a(strlen.o)
 .debug_line    0x0000000000002327       0xf8 /home/kisom/Downloads/ARM/gcc-arm/gnuarm-4.0.2/bin/../lib/gcc/arm-elf/4.0.2/../../../../arm-elf/lib/interwork/libc.a(strncmp.o)
 .debug_line    0x000000000000241f       0xdc /home/kisom/Downloads/ARM/gcc-arm/gnuarm-4.0.2/bin/../lib/gcc/arm-elf/4.0.2/../../../../arm-elf/lib/interwork/libc.a(strncpy.o)
 .debug_line    0x00000000000024fb       0x72 /home/kisom/Downloads/ARM/gcc-arm/gnuarm-4.0.2/bin/../lib/gcc/arm-elf/4.0.2/../../../../arm-elf/lib/interwork/libc.a(strrchr.o)
 .debug_line    0x000000000000256d      0x1ad /home/kisom/Downloads/ARM/gcc-arm/gnuarm-4.0.2/bin/../lib/gcc/arm-elf/4.0.2/../../../../arm-elf/lib/interwork/libc.a(freer.o)
 .debug_line    0x000000000000271a       0xf2 /home/kisom/Downloads/ARM/gcc-arm/gnuarm-4.0.2/bin/../lib/gcc/arm-elf/4.0.2/../../../../arm-elf/lib/interwork/libc.a(impure.o)
 .debug_line    0x000000000000280c       0x81 /home/kisom/Downloads/ARM/gcc-arm/gnuarm-4.0.2/bin/../lib/gcc/arm-elf/4.0.2/interwork/libgcc.a(_udivsi3.o)
 .debug_line    0x000000000000288d       0x8d /home/kisom/Downloads/ARM/gcc-arm/gnuarm-4.0.2/bin/../lib/gcc/arm-elf/4.0.2/interwork/libgcc.a(_divsi3.o)
 .debug_line    0x000000000000291a       0x6b /home/kisom/Downloads/ARM/gcc-arm/gnuarm-4.0.2/bin/../lib/gcc/arm-elf/4.0.2/interwork/libgcc.a(_umodsi3.o)
 .debug_line    0x0000000000002985       0x71 /home/kisom/Downloads/ARM/gcc-arm/gnuarm-4.0.2/bin/../lib/gcc/arm-elf/4.0.2/interwork/libgcc.a(_modsi3.o)
 .debug_line    0x00000000000029f6       0x5a /home/kisom/Downloads/ARM/gcc-arm/gnuarm-4.0.2/bin/../lib/gcc/arm-elf/4.0.2/interwork/libgcc.a(_dvmd_tls.o)

.debug_frame    0x0000000000000000     0x13f4
 *(.debug_frame)
 .debug_frame   0x0000000000000000      0x1dc main.o
 .debug_frame   0x00000000000001dc       0x80 ../lib/syscalls.o
 .debug_frame   0x000000000000025c       0x68 ../lib/rprintf.o
 .debug_frame   0x00000000000002c4       0x80 ../lib/serial.o
 .debug_frame   0x0000000000000344       0x48 ../lib/spi0.o
 .debug_frame   0x000000000000038c      0x108 ../lib/rootdir.o
 .debug_frame   0x0000000000000494      0x164 ../lib/sd_raw.o
 .debug_frame   0x00000000000005f8      0x33c ../lib/fat16.o
 .debug_frame   0x0000000000000934       0x4c ../lib/partition.o
 .debug_frame   0x0000000000000980       0x60 ../lib/MMA7260.o
 .debug_frame   0x00000000000009e0      0x13c ../lib/LCD_driver.o
 .debug_frame   0x0000000000000b1c       0xf8 ../lib/vs1002.o
 .debug_frame   0x0000000000000c14       0x94 ../lib/NS73.o
 .debug_frame   0x0000000000000ca8       0x40 ../Bootloader/LPCUSB/main_msc.o
 .debug_frame   0x0000000000000ce8       0xac ../Bootloader/LPCUSB/msc_bot.o
 .debug_frame   0x0000000000000d94       0x64 ../Bootloader/LPCUSB/msc_scsi.o
 .debug_frame   0x0000000000000df8       0xc8 ../Bootloader/LPCUSB/blockdev_sd.o
 .debug_frame   0x0000000000000ec0       0x68 ../Bootloader/LPCUSB/lpc2000_spi.o
 .debug_frame   0x0000000000000f28       0x38 ../Bootloader/LPCUSB/usbinit.o
 .debug_frame   0x0000000000000f60      0x164 ../Bootloader/LPCUSB/usbhw_lpc.o
 .debug_frame   0x00000000000010c4       0x8c ../Bootloader/LPCUSB/usbcontrol.o
 .debug_frame   0x0000000000001150       0x6c ../Bootloader/LPCUSB/usbstdreq.o
 .debug_frame   0x00000000000011bc       0x40 /home/kisom/Downloads/ARM/gcc-arm/gnuarm-4.0.2/bin/../lib/gcc/arm-elf/4.0.2/../../../../arm-elf/lib/interwork/libc.a(malloc.o)
 .debug_frame   0x00000000000011fc       0x38 /home/kisom/Downloads/ARM/gcc-arm/gnuarm-4.0.2/bin/../lib/gcc/arm-elf/4.0.2/../../../../arm-elf/lib/interwork/libc.a(mallocr.o)
 .debug_frame   0x0000000000001234       0x28 /home/kisom/Downloads/ARM/gcc-arm/gnuarm-4.0.2/bin/../lib/gcc/arm-elf/4.0.2/../../../../arm-elf/lib/interwork/libc.a(memcpy.o)
 .debug_frame   0x000000000000125c       0x20 /home/kisom/Downloads/ARM/gcc-arm/gnuarm-4.0.2/bin/../lib/gcc/arm-elf/4.0.2/../../../../arm-elf/lib/interwork/libc.a(memset.o)
 .debug_frame   0x000000000000127c       0x30 /home/kisom/Downloads/ARM/gcc-arm/gnuarm-4.0.2/bin/../lib/gcc/arm-elf/4.0.2/../../../../arm-elf/lib/interwork/libc.a(mlock.o)
 .debug_frame   0x00000000000012ac       0x28 /home/kisom/Downloads/ARM/gcc-arm/gnuarm-4.0.2/bin/../lib/gcc/arm-elf/4.0.2/../../../../arm-elf/lib/interwork/libc.a(strchr.o)
 .debug_frame   0x00000000000012d4       0x28 /home/kisom/Downloads/ARM/gcc-arm/gnuarm-4.0.2/bin/../lib/gcc/arm-elf/4.0.2/../../../../arm-elf/lib/interwork/libc.a(strcmp.o)
 .debug_frame   0x00000000000012fc       0x20 /home/kisom/Downloads/ARM/gcc-arm/gnuarm-4.0.2/bin/../lib/gcc/arm-elf/4.0.2/../../../../arm-elf/lib/interwork/libc.a(strlen.o)
 .debug_frame   0x000000000000131c       0x2c /home/kisom/Downloads/ARM/gcc-arm/gnuarm-4.0.2/bin/../lib/gcc/arm-elf/4.0.2/../../../../arm-elf/lib/interwork/libc.a(strncmp.o)
 .debug_frame   0x0000000000001348       0x2c /home/kisom/Downloads/ARM/gcc-arm/gnuarm-4.0.2/bin/../lib/gcc/arm-elf/4.0.2/../../../../arm-elf/lib/interwork/libc.a(strncpy.o)
 .debug_frame   0x0000000000001374       0x2c /home/kisom/Downloads/ARM/gcc-arm/gnuarm-4.0.2/bin/../lib/gcc/arm-elf/4.0.2/../../../../arm-elf/lib/interwork/libc.a(strrchr.o)
 .debug_frame   0x00000000000013a0       0x54 /home/kisom/Downloads/ARM/gcc-arm/gnuarm-4.0.2/bin/../lib/gcc/arm-elf/4.0.2/../../../../arm-elf/lib/interwork/libc.a(freer.o)

.debug_str      0x0000000000000000     0x24ff
 *(.debug_str)
 .debug_str     0x0000000000000000      0x36f main.o
                                        0x3e7 (size before relaxing)
 .debug_str     0x000000000000036f      0x485 ../lib/syscalls.o
                                        0x5b4 (size before relaxing)
 .debug_str     0x00000000000007f4       0x99 ../lib/rprintf.o
                                        0x165 (size before relaxing)
 .debug_str     0x000000000000088d       0x6f ../lib/serial.o
                                         0xc8 (size before relaxing)
 .debug_str     0x00000000000008fc       0x31 ../lib/spi0.o
                                         0xf5 (size before relaxing)
 .debug_str     0x000000000000092d      0x246 ../lib/rootdir.o
                                        0x379 (size before relaxing)
 .debug_str     0x0000000000000b73      0x196 ../lib/sd_raw.o
                                        0x32a (size before relaxing)
 .debug_str     0x0000000000000d09      0x5ba ../lib/fat16.o
                                        0x836 (size before relaxing)
 .debug_str     0x00000000000012c3       0x47 ../lib/partition.o
                                        0x1da (size before relaxing)
 .debug_str     0x000000000000130a       0x49 ../lib/MMA7260.o
                                         0x9c (size before relaxing)
 .debug_str     0x0000000000001353      0x107 ../lib/LCD_driver.o
                                        0x204 (size before relaxing)
 .debug_str     0x000000000000145a       0xb5 ../lib/vs1002.o
                                        0x13c (size before relaxing)
 .debug_str     0x000000000000150f       0x8a ../lib/NS73.o
                                         0xf2 (size before relaxing)
 .debug_str     0x0000000000001599       0x9f ../Bootloader/LPCUSB/main_msc.o
                                        0x171 (size before relaxing)
 .debug_str     0x0000000000001638      0x17b ../Bootloader/LPCUSB/msc_bot.o
                                        0x268 (size before relaxing)
 .debug_str     0x00000000000017b3       0xf2 ../Bootloader/LPCUSB/msc_scsi.o
                                        0x1cb (size before relaxing)
 .debug_str     0x00000000000018a5       0xc4 ../Bootloader/LPCUSB/blockdev_sd.o
                                        0x1c0 (size before relaxing)
 .debug_str     0x0000000000001969       0x6c ../Bootloader/LPCUSB/lpc2000_spi.o
                                        0x143 (size before relaxing)
 .debug_str     0x00000000000019d5       0x4e ../Bootloader/LPCUSB/usbinit.o
                                         0xce (size before relaxing)
 .debug_str     0x0000000000001a23      0x25a ../Bootloader/LPCUSB/usbhw_lpc.o
                                        0x2f6 (size before relaxing)
 .debug_str     0x0000000000001c7d       0xa9 ../Bootloader/LPCUSB/usbcontrol.o
                                        0x1c0 (size before relaxing)
 .debug_str     0x0000000000001d26      0x175 ../Bootloader/LPCUSB/usbstdreq.o
                                        0x255 (size before relaxing)
 .debug_str     0x0000000000001e9b       0x81 /home/kisom/Downloads/ARM/gcc-arm/gnuarm-4.0.2/bin/../lib/gcc/arm-elf/4.0.2/../../../../arm-elf/lib/interwork/libc.a(malloc.o)
                                        0x4c5 (size before relaxing)
 .debug_str     0x0000000000001f1c      0x203 /home/kisom/Downloads/ARM/gcc-arm/gnuarm-4.0.2/bin/../lib/gcc/arm-elf/4.0.2/../../../../arm-elf/lib/interwork/libc.a(mallocr.o)
                                        0x6a6 (size before relaxing)
 .debug_str     0x000000000000211f       0xaa /home/kisom/Downloads/ARM/gcc-arm/gnuarm-4.0.2/bin/../lib/gcc/arm-elf/4.0.2/../../../../arm-elf/lib/interwork/libc.a(memcpy.o)
                                         0xdd (size before relaxing)
 .debug_str     0x00000000000021c9       0x50 /home/kisom/Downloads/ARM/gcc-arm/gnuarm-4.0.2/bin/../lib/gcc/arm-elf/4.0.2/../../../../arm-elf/lib/interwork/libc.a(memset.o)
                                        0x127 (size before relaxing)
 .debug_str     0x0000000000002219       0x6e /home/kisom/Downloads/ARM/gcc-arm/gnuarm-4.0.2/bin/../lib/gcc/arm-elf/4.0.2/../../../../arm-elf/lib/interwork/libc.a(mlock.o)
                                        0x4cc (size before relaxing)
 .debug_str     0x0000000000002287       0x48 /home/kisom/Downloads/ARM/gcc-arm/gnuarm-4.0.2/bin/../lib/gcc/arm-elf/4.0.2/../../../../arm-elf/lib/interwork/libc.a(strchr.o)
                                        0x11e (size before relaxing)
 .debug_str     0x00000000000022cf       0x43 /home/kisom/Downloads/ARM/gcc-arm/gnuarm-4.0.2/bin/../lib/gcc/arm-elf/4.0.2/../../../../arm-elf/lib/interwork/libc.a(strcmp.o)
                                        0x10c (size before relaxing)
 .debug_str     0x0000000000002312       0x49 /home/kisom/Downloads/ARM/gcc-arm/gnuarm-4.0.2/bin/../lib/gcc/arm-elf/4.0.2/../../../../arm-elf/lib/interwork/libc.a(strlen.o)
                                        0x126 (size before relaxing)
 .debug_str     0x000000000000235b       0x45 /home/kisom/Downloads/ARM/gcc-arm/gnuarm-4.0.2/bin/../lib/gcc/arm-elf/4.0.2/../../../../arm-elf/lib/interwork/libc.a(strncmp.o)
                                        0x115 (size before relaxing)
 .debug_str     0x00000000000023a0       0x45 /home/kisom/Downloads/ARM/gcc-arm/gnuarm-4.0.2/bin/../lib/gcc/arm-elf/4.0.2/../../../../arm-elf/lib/interwork/libc.a(strncpy.o)
                                        0x13d (size before relaxing)
 .debug_str     0x00000000000023e5       0x45 /home/kisom/Downloads/ARM/gcc-arm/gnuarm-4.0.2/bin/../lib/gcc/arm-elf/4.0.2/../../../../arm-elf/lib/interwork/libc.a(strrchr.o)
                                        0x113 (size before relaxing)
 .debug_str     0x000000000000242a       0x3c /home/kisom/Downloads/ARM/gcc-arm/gnuarm-4.0.2/bin/../lib/gcc/arm-elf/4.0.2/../../../../arm-elf/lib/interwork/libc.a(freer.o)
                                        0x5f8 (size before relaxing)
 .debug_str     0x0000000000002466       0x99 /home/kisom/Downloads/ARM/gcc-arm/gnuarm-4.0.2/bin/../lib/gcc/arm-elf/4.0.2/../../../../arm-elf/lib/interwork/libc.a(impure.o)
                                        0x4c3 (size before relaxing)

.debug_loc      0x0000000000000000     0x449e
 *(.debug_loc)
 .debug_loc     0x0000000000000000      0x3d0 main.o
 .debug_loc     0x00000000000003d0       0x98 ../lib/syscalls.o
 .debug_loc     0x0000000000000468      0x27b ../lib/rprintf.o
 .debug_loc     0x00000000000006e3       0x8b ../lib/serial.o
 .debug_loc     0x000000000000076e       0x26 ../lib/spi0.o
 .debug_loc     0x0000000000000794      0x15d ../lib/rootdir.o
 .debug_loc     0x00000000000008f1      0x463 ../lib/sd_raw.o
 .debug_loc     0x0000000000000d54     0x108d ../lib/fat16.o
 .debug_loc     0x0000000000001de1       0xcc ../lib/partition.o
 .debug_loc     0x0000000000001ead       0x13 ../lib/MMA7260.o
 .debug_loc     0x0000000000001ec0      0x4d3 ../lib/LCD_driver.o
 .debug_loc     0x0000000000002393      0x10e ../lib/vs1002.o
 .debug_loc     0x00000000000024a1       0x80 ../lib/NS73.o
 .debug_loc     0x0000000000002521       0x70 ../Bootloader/LPCUSB/main_msc.o
 .debug_loc     0x0000000000002591      0x1dc ../Bootloader/LPCUSB/msc_bot.o
 .debug_loc     0x000000000000276d      0x1f4 ../Bootloader/LPCUSB/msc_scsi.o
 .debug_loc     0x0000000000002961      0x22e ../Bootloader/LPCUSB/blockdev_sd.o
 .debug_loc     0x0000000000002b8f       0x31 ../Bootloader/LPCUSB/lpc2000_spi.o
 .debug_loc     0x0000000000002bc0      0x316 ../Bootloader/LPCUSB/usbhw_lpc.o
 .debug_loc     0x0000000000002ed6      0x153 ../Bootloader/LPCUSB/usbcontrol.o
 .debug_loc     0x0000000000003029      0x27d ../Bootloader/LPCUSB/usbstdreq.o
 .debug_loc     0x00000000000032a6       0x3c /home/kisom/Downloads/ARM/gcc-arm/gnuarm-4.0.2/bin/../lib/gcc/arm-elf/4.0.2/../../../../arm-elf/lib/interwork/libc.a(malloc.o)
 .debug_loc     0x00000000000032e2      0x803 /home/kisom/Downloads/ARM/gcc-arm/gnuarm-4.0.2/bin/../lib/gcc/arm-elf/4.0.2/../../../../arm-elf/lib/interwork/libc.a(mallocr.o)
 .debug_loc     0x0000000000003ae5       0xfb /home/kisom/Downloads/ARM/gcc-arm/gnuarm-4.0.2/bin/../lib/gcc/arm-elf/4.0.2/../../../../arm-elf/lib/interwork/libc.a(memcpy.o)
 .debug_loc     0x0000000000003be0       0xbf /home/kisom/Downloads/ARM/gcc-arm/gnuarm-4.0.2/bin/../lib/gcc/arm-elf/4.0.2/../../../../arm-elf/lib/interwork/libc.a(memset.o)
 .debug_loc     0x0000000000003c9f       0xf6 /home/kisom/Downloads/ARM/gcc-arm/gnuarm-4.0.2/bin/../lib/gcc/arm-elf/4.0.2/../../../../arm-elf/lib/interwork/libc.a(strchr.o)
 .debug_loc     0x0000000000003d95       0x8e /home/kisom/Downloads/ARM/gcc-arm/gnuarm-4.0.2/bin/../lib/gcc/arm-elf/4.0.2/../../../../arm-elf/lib/interwork/libc.a(strcmp.o)
 .debug_loc     0x0000000000003e23       0x47 /home/kisom/Downloads/ARM/gcc-arm/gnuarm-4.0.2/bin/../lib/gcc/arm-elf/4.0.2/../../../../arm-elf/lib/interwork/libc.a(strlen.o)
 .debug_loc     0x0000000000003e6a      0x130 /home/kisom/Downloads/ARM/gcc-arm/gnuarm-4.0.2/bin/../lib/gcc/arm-elf/4.0.2/../../../../arm-elf/lib/interwork/libc.a(strncmp.o)
 .debug_loc     0x0000000000003f9a      0x140 /home/kisom/Downloads/ARM/gcc-arm/gnuarm-4.0.2/bin/../lib/gcc/arm-elf/4.0.2/../../../../arm-elf/lib/interwork/libc.a(strncpy.o)
 .debug_loc     0x00000000000040da       0x68 /home/kisom/Downloads/ARM/gcc-arm/gnuarm-4.0.2/bin/../lib/gcc/arm-elf/4.0.2/../../../../arm-elf/lib/interwork/libc.a(strrchr.o)
 .debug_loc     0x0000000000004142      0x35c /home/kisom/Downloads/ARM/gcc-arm/gnuarm-4.0.2/bin/../lib/gcc/arm-elf/4.0.2/../../../../arm-elf/lib/interwork/libc.a(freer.o)

.debug_macinfo
 *(.debug_macinfo)

.debug_weaknames
 *(.debug_weaknames)

.debug_funcnames
 *(.debug_funcnames)

.debug_typenames
 *(.debug_typenames)

.debug_varnames
 *(.debug_varnames)
OUTPUT(main.elf elf32-littlearm)

.debug_ranges   0x0000000000000000      0x1e0
 .debug_ranges  0x0000000000000000       0x58 main.o
 .debug_ranges  0x0000000000000058       0x18 ../lib/rprintf.o
 .debug_ranges  0x0000000000000070       0x30 ../lib/sd_raw.o
 .debug_ranges  0x00000000000000a0      0x108 ../lib/fat16.o
 .debug_ranges  0x00000000000001a8       0x18 ../Bootloader/LPCUSB/usbstdreq.o
 .debug_ranges  0x00000000000001c0       0x20 /home/kisom/Downloads/ARM/gcc-arm/gnuarm-4.0.2/bin/../lib/gcc/arm-elf/4.0.2/../../../../arm-elf/lib/interwork/libc.a(mallocr.o)

Cross Reference Table

Symbol                                            File
BlockDevGetSize                                   ../Bootloader/LPCUSB/blockdev_sd.o
                                                  ../Bootloader/LPCUSB/msc_scsi.o
BlockDevInit                                      ../Bootloader/LPCUSB/blockdev_sd.o
                                                  ../Bootloader/LPCUSB/main_msc.o
BlockDevRead                                      ../Bootloader/LPCUSB/blockdev_sd.o
                                                  ../Bootloader/LPCUSB/msc_scsi.o
BlockDevWrite                                     ../Bootloader/LPCUSB/blockdev_sd.o
                                                  ../Bootloader/LPCUSB/msc_scsi.o
LCDClear                                          ../lib/LCD_driver.o
                                                  main.o
LCDCommand                                        ../lib/LCD_driver.o
LCDContrast                                       ../lib/LCD_driver.o
LCDData                                           ../lib/LCD_driver.o
LCDInit                                           ../lib/LCD_driver.o
                                                  main.o
LCDPrintLogo                                      ../lib/LCD_driver.o
                                                  main.o
LCDPrintString                                    ../lib/LCD_driver.o
                                                  main.o
LCDSetRowColor                                    ../lib/LCD_driver.o
                                                  main.o
MMA_change_mode                                   ../lib/MMA7260.o
MMA_get_x                                         ../lib/MMA7260.o
MMA_get_y                                         ../lib/MMA7260.o
                                                  main.o
MMA_get_z                                         ../lib/MMA7260.o
MSCBotBulkIn                                      ../Bootloader/LPCUSB/msc_bot.o
                                                  ../Bootloader/LPCUSB/main_msc.o
MSCBotBulkOut                                     ../Bootloader/LPCUSB/msc_bot.o
                                                  ../Bootloader/LPCUSB/main_msc.o
MSCBotReset                                       ../Bootloader/LPCUSB/msc_bot.o
                                                  ../Bootloader/LPCUSB/main_msc.o
NotFound                                          main.o
SCSIHandleCmd                                     ../Bootloader/LPCUSB/msc_scsi.o
                                                  ../Bootloader/LPCUSB/msc_bot.o
SCSIHandleData                                    ../Bootloader/LPCUSB/msc_scsi.o
                                                  ../Bootloader/LPCUSB/msc_bot.o
SCSIReset                                         ../Bootloader/LPCUSB/msc_scsi.o
                                                  ../Bootloader/LPCUSB/msc_bot.o
SDoff                                             ../lib/sd_raw.o
SPI0_recv                                         ../lib/spi0.o
                                                  ../lib/vs1002.o
SPI0_send                                         ../lib/spi0.o
                                                  ../lib/vs1002.o
SPI0_send_recv                                    ../lib/spi0.o
SPIInit                                           ../Bootloader/LPCUSB/lpc2000_spi.o
                                                  ../Bootloader/LPCUSB/blockdev_sd.o
SPIRecvN                                          ../Bootloader/LPCUSB/lpc2000_spi.o
                                                  ../Bootloader/LPCUSB/blockdev_sd.o
SPISend                                           ../Bootloader/LPCUSB/lpc2000_spi.o
                                                  ../Bootloader/LPCUSB/blockdev_sd.o
SPISendN                                          ../Bootloader/LPCUSB/lpc2000_spi.o
                                                  ../Bootloader/LPCUSB/blockdev_sd.o
SPISetSpeed                                       ../Bootloader/LPCUSB/lpc2000_spi.o
                                                  ../Bootloader/LPCUSB/blockdev_sd.o
USB                                               main.o
USBGetDescriptor                                  ../Bootloader/LPCUSB/usbstdreq.o
USBHandleControlTransfer                          ../Bootloader/LPCUSB/usbcontrol.o
                                                  ../Bootloader/LPCUSB/usbinit.o
USBHandleStandardRequest                          ../Bootloader/LPCUSB/usbstdreq.o
                                                  ../Bootloader/LPCUSB/usbinit.o
USBHwConfigDevice                                 ../Bootloader/LPCUSB/usbhw_lpc.o
                                                  ../Bootloader/LPCUSB/usbstdreq.o
USBHwConnect                                      ../Bootloader/LPCUSB/usbhw_lpc.o
                                                  ../Bootloader/LPCUSB/main_msc.o
USBHwEPConfig                                     ../Bootloader/LPCUSB/usbhw_lpc.o
                                                  ../Bootloader/LPCUSB/usbstdreq.o
                                                  ../Bootloader/LPCUSB/usbinit.o
USBHwEPGetStatus                                  ../Bootloader/LPCUSB/usbhw_lpc.o
                                                  ../Bootloader/LPCUSB/usbstdreq.o
USBHwEPRead                                       ../Bootloader/LPCUSB/usbhw_lpc.o
                                                  ../Bootloader/LPCUSB/usbcontrol.o
                                                  ../Bootloader/LPCUSB/msc_bot.o
USBHwEPStall                                      ../Bootloader/LPCUSB/usbhw_lpc.o
                                                  ../Bootloader/LPCUSB/usbstdreq.o
                                                  ../Bootloader/LPCUSB/usbcontrol.o
                                                  ../Bootloader/LPCUSB/msc_bot.o
USBHwEPWrite                                      ../Bootloader/LPCUSB/usbhw_lpc.o
                                                  ../Bootloader/LPCUSB/usbcontrol.o
                                                  ../Bootloader/LPCUSB/msc_bot.o
USBHwISR                                          ../Bootloader/LPCUSB/usbhw_lpc.o
                                                  ../Bootloader/LPCUSB/main_msc.o
USBHwInit                                         ../Bootloader/LPCUSB/usbhw_lpc.o
                                                  ../Bootloader/LPCUSB/usbinit.o
USBHwNakIntEnable                                 ../Bootloader/LPCUSB/usbhw_lpc.o
                                                  ../Bootloader/LPCUSB/main_msc.o
USBHwRegisterDevIntHandler                        ../Bootloader/LPCUSB/usbhw_lpc.o
                                                  ../Bootloader/LPCUSB/usbinit.o
USBHwRegisterEPIntHandler                         ../Bootloader/LPCUSB/usbhw_lpc.o
                                                  ../Bootloader/LPCUSB/usbinit.o
                                                  ../Bootloader/LPCUSB/main_msc.o
USBHwRegisterFrameHandler                         ../Bootloader/LPCUSB/usbhw_lpc.o
USBHwSetAddress                                   ../Bootloader/LPCUSB/usbhw_lpc.o
                                                  ../Bootloader/LPCUSB/usbstdreq.o
USBInit                                           ../Bootloader/LPCUSB/usbinit.o
                                                  ../Bootloader/LPCUSB/main_msc.o
USBRegisterCustomReqHandler                       ../Bootloader/LPCUSB/usbstdreq.o
USBRegisterDescriptors                            ../Bootloader/LPCUSB/usbstdreq.o
                                                  ../Bootloader/LPCUSB/main_msc.o
USBRegisterRequestHandler                         ../Bootloader/LPCUSB/usbcontrol.o
                                                  ../Bootloader/LPCUSB/usbinit.o
                                                  ../Bootloader/LPCUSB/main_msc.o
__IRQ_Wrapper                                     Startup.o
__aeabi_idiv0                                     /home/kisom/Downloads/ARM/gcc-arm/gnuarm-4.0.2/bin/../lib/gcc/arm-elf/4.0.2/interwork/libgcc.a(_dvmd_tls.o)
__aeabi_idivmod                                   /home/kisom/Downloads/ARM/gcc-arm/gnuarm-4.0.2/bin/../lib/gcc/arm-elf/4.0.2/interwork/libgcc.a(_divsi3.o)
__aeabi_ldiv0                                     /home/kisom/Downloads/ARM/gcc-arm/gnuarm-4.0.2/bin/../lib/gcc/arm-elf/4.0.2/interwork/libgcc.a(_dvmd_tls.o)
__aeabi_uidivmod                                  /home/kisom/Downloads/ARM/gcc-arm/gnuarm-4.0.2/bin/../lib/gcc/arm-elf/4.0.2/interwork/libgcc.a(_udivsi3.o)
__bss_end__                                       Startup.o
__bss_start__                                     Startup.o
__ctors_end__                                     Startup.o
__ctors_start__                                   Startup.o
__div0                                            /home/kisom/Downloads/ARM/gcc-arm/gnuarm-4.0.2/bin/../lib/gcc/arm-elf/4.0.2/interwork/libgcc.a(_dvmd_tls.o)
                                                  /home/kisom/Downloads/ARM/gcc-arm/gnuarm-4.0.2/bin/../lib/gcc/arm-elf/4.0.2/interwork/libgcc.a(_modsi3.o)
[...]
                                                  ../lib/LCD_driver.o
                                                  ../lib/fat16.o
                                                  main.o
__exit_ARM                                        Startup.o
__exit_THUMB                                      Startup.o
__malloc_av_                                      /home/kisom/Downloads/ARM/gcc-arm/gnuarm-4.0.2/bin/../lib/gcc/arm-elf/4.0.2/../../../../arm-elf/lib/interwork/libc.a(mallocr.o)
                                                  /home/kisom/Downloads/ARM/gcc-arm/gnuarm-4.0.2/bin/../lib/gcc/arm-elf/4.0.2/../../../../arm-elf/lib/interwork/libc.a(freer.o)
__malloc_current_mallinfo                         /home/kisom/Downloads/ARM/gcc-arm/gnuarm-4.0.2/bin/../lib/gcc/arm-elf/4.0.2/../../../../arm-elf/lib/interwork/libc.a(mallocr.o)
                                                  /home/kisom/Downloads/ARM/gcc-arm/gnuarm-4.0.2/bin/../lib/gcc/arm-elf/4.0.2/../../../../arm-elf/lib/interwork/libc.a(freer.o)
__malloc_lock                                     /home/kisom/Downloads/ARM/gcc-arm/gnuarm-4.0.2/bin/../lib/gcc/arm-elf/4.0.2/../../../../arm-elf/lib/interwork/libc.a(mlock.o)
                                                  /home/kisom/Downloads/ARM/gcc-arm/gnuarm-4.0.2/bin/../lib/gcc/arm-elf/4.0.2/../../../../arm-elf/lib/interwork/libc.a(freer.o)
                                                  /home/kisom/Downloads/ARM/gcc-arm/gnuarm-4.0.2/bin/../lib/gcc/arm-elf/4.0.2/../../../../arm-elf/lib/interwork/libc.a(mallocr.o)
__malloc_max_sbrked_mem                           /home/kisom/Downloads/ARM/gcc-arm/gnuarm-4.0.2/bin/../lib/gcc/arm-elf/4.0.2/../../../../arm-elf/lib/interwork/libc.a(mallocr.o)
__malloc_max_total_mem                            /home/kisom/Downloads/ARM/gcc-arm/gnuarm-4.0.2/bin/../lib/gcc/arm-elf/4.0.2/../../../../arm-elf/lib/interwork/libc.a(mallocr.o)
__malloc_sbrk_base                                /home/kisom/Downloads/ARM/gcc-arm/gnuarm-4.0.2/bin/../lib/gcc/arm-elf/4.0.2/../../../../arm-elf/lib/interwork/libc.a(mallocr.o)
                                                  /home/kisom/Downloads/ARM/gcc-arm/gnuarm-4.0.2/bin/../lib/gcc/arm-elf/4.0.2/../../../../arm-elf/lib/interwork/libc.a(freer.o)
__malloc_top_pad                                  /home/kisom/Downloads/ARM/gcc-arm/gnuarm-4.0.2/bin/../lib/gcc/arm-elf/4.0.2/../../../../arm-elf/lib/interwork/libc.a(mallocr.o)
                                                  /home/kisom/Downloads/ARM/gcc-arm/gnuarm-4.0.2/bin/../lib/gcc/arm-elf/4.0.2/../../../../arm-elf/lib/interwork/libc.a(freer.o)
__malloc_trim_threshold                           /home/kisom/Downloads/ARM/gcc-arm/gnuarm-4.0.2/bin/../lib/gcc/arm-elf/4.0.2/../../../../arm-elf/lib/interwork/libc.a(mallocr.o)
                                                  /home/kisom/Downloads/ARM/gcc-arm/gnuarm-4.0.2/bin/../lib/gcc/arm-elf/4.0.2/../../../../arm-elf/lib/interwork/libc.a(freer.o)
__malloc_unlock                                   /home/kisom/Downloads/ARM/gcc-arm/gnuarm-4.0.2/bin/../lib/gcc/arm-elf/4.0.2/../../../../arm-elf/lib/interwork/libc.a(mlock.o)
                                                  /home/kisom/Downloads/ARM/gcc-arm/gnuarm-4.0.2/bin/../lib/gcc/arm-elf/4.0.2/../../../../arm-elf/lib/interwork/libc.a(freer.o)
                                                  /home/kisom/Downloads/ARM/gcc-arm/gnuarm-4.0.2/bin/../lib/gcc/arm-elf/4.0.2/../../../../arm-elf/lib/interwork/libc.a(mallocr.o)
__modsi3                                          /home/kisom/Downloads/ARM/gcc-arm/gnuarm-4.0.2/bin/../lib/gcc/arm-elf/4.0.2/interwork/libgcc.a(_modsi3.o)
                                                  ../lib/LCD_driver.o
                                                  main.o
__startup                                         Startup.o
__udivsi3                                         /home/kisom/Downloads/ARM/gcc-arm/gnuarm-4.0.2/bin/../lib/gcc/arm-elf/4.0.2/interwork/libgcc.a(_udivsi3.o)
                                                  ../lib/fat16.o
                                                  ../lib/serial.o
                                                  ../lib/rprintf.o
__umodsi3                                         /home/kisom/Downloads/ARM/gcc-arm/gnuarm-4.0.2/bin/../lib/gcc/arm-elf/4.0.2/interwork/libgcc.a(_umodsi3.o)
                                                  ../lib/fat16.o
                                                  ../lib/rprintf.o
_close_r                                          ../lib/syscalls.o
_data                                             Startup.o
_edata                                            Startup.o
_etext                                            Startup.o
_free_r                                           /home/kisom/Downloads/ARM/gcc-arm/gnuarm-4.0.2/bin/../lib/gcc/arm-elf/4.0.2/../../../../arm-elf/lib/interwork/libc.a(freer.o)
                                                  /home/kisom/Downloads/ARM/gcc-arm/gnuarm-4.0.2/bin/../lib/gcc/arm-elf/4.0.2/../../../../arm-elf/lib/interwork/libc.a(mallocr.o)
                                                  /home/kisom/Downloads/ARM/gcc-arm/gnuarm-4.0.2/bin/../lib/gcc/arm-elf/4.0.2/../../../../arm-elf/lib/interwork/libc.a(malloc.o)
_fstat_r                                          ../lib/syscalls.o
_global_impure_ptr                                /home/kisom/Downloads/ARM/gcc-arm/gnuarm-4.0.2/bin/../lib/gcc/arm-elf/4.0.2/../../../../arm-elf/lib/interwork/libc.a(impure.o)
_impure_ptr                                       /home/kisom/Downloads/ARM/gcc-arm/gnuarm-4.0.2/bin/../lib/gcc/arm-elf/4.0.2/../../../../arm-elf/lib/interwork/libc.a(impure.o)
                                                  /home/kisom/Downloads/ARM/gcc-arm/gnuarm-4.0.2/bin/../lib/gcc/arm-elf/4.0.2/../../../../arm-elf/lib/interwork/libc.a(malloc.o)
_lseek_r                                          ../lib/syscalls.o
_malloc_r                                         /home/kisom/Downloads/ARM/gcc-arm/gnuarm-4.0.2/bin/../lib/gcc/arm-elf/4.0.2/../../../../arm-elf/lib/interwork/libc.a(mallocr.o)
                                                  /home/kisom/Downloads/ARM/gcc-arm/gnuarm-4.0.2/bin/../lib/gcc/arm-elf/4.0.2/../../../../arm-elf/lib/interwork/libc.a(malloc.o)
_malloc_trim_r                                    /home/kisom/Downloads/ARM/gcc-arm/gnuarm-4.0.2/bin/../lib/gcc/arm-elf/4.0.2/../../../../arm-elf/lib/interwork/libc.a(freer.o)
_read_r                                           ../lib/syscalls.o
_sbrk_r                                           ../lib/syscalls.o
                                                  /home/kisom/Downloads/ARM/gcc-arm/gnuarm-4.0.2/bin/../lib/gcc/arm-elf/4.0.2/../../../../arm-elf/lib/interwork/libc.a(freer.o)
                                                  /home/kisom/Downloads/ARM/gcc-arm/gnuarm-4.0.2/bin/../lib/gcc/arm-elf/4.0.2/../../../../arm-elf/lib/interwork/libc.a(mallocr.o)
_write_r                                          ../lib/syscalls.o
black                                             ../lib/LCD_driver.o
                                                  main.o
bootUp                                            main.o
closeSong                                         main.o
contrast                                          main.o
dd                                                ../lib/rootdir.o
delay_ms                                          main.o
                                                  ../lib/NS73.o
                                                  ../lib/vs1002.o
                                                  ../lib/LCD_driver.o
                                                  ../lib/rprintf.o
dir_entry                                         ../lib/rootdir.o
end                                               ../lib/syscalls.o
fat16_close                                       ../lib/fat16.o
fat16_close_dir                                   ../lib/fat16.o
fat16_close_file                                  ../lib/fat16.o
                                                  main.o
fat16_create_file                                 ../lib/fat16.o
                                                  ../lib/rootdir.o
fat16_delete_file                                 ../lib/fat16.o
                                                  ../lib/rootdir.o
fat16_file_size                                   ../lib/fat16.o
                                                  main.o
fat16_get_dir_entry_of_path                       ../lib/fat16.o
                                                  ../lib/rootdir.o
fat16_get_fs_free                                 ../lib/fat16.o
                                                  ../lib/rootdir.o
fat16_get_fs_size                                 ../lib/fat16.o
                                                  ../lib/rootdir.o
fat16_open                                        ../lib/fat16.o
                                                  ../lib/rootdir.o
fat16_open_dir                                    ../lib/fat16.o
                                                  ../lib/rootdir.o
fat16_open_file                                   ../lib/fat16.o
fat16_read_dir                                    ../lib/fat16.o
                                                  ../lib/rootdir.o
fat16_read_file                                   ../lib/fat16.o
                                                  main.o
fat16_reset_dir                                   ../lib/fat16.o
                                                  ../lib/rootdir.o
fat16_resize_file                                 ../lib/fat16.o
fat16_seek_file                                   ../lib/fat16.o
fat16_write_file                                  ../lib/fat16.o
fd                                                ../lib/rootdir.o
fillSettings                                      main.o
find_file_in_dir                                  ../lib/fat16.o
                                                  ../lib/rootdir.o
format_card                                       ../lib/sd_raw.o
free                                              /home/kisom/Downloads/ARM/gcc-arm/gnuarm-4.0.2/bin/../lib/gcc/arm-elf/4.0.2/../../../../arm-elf/lib/interwork/libc.a(malloc.o)
                                                  ../lib/partition.o
                                                  ../lib/fat16.o
fs                                                ../lib/rootdir.o
getButton                                         main.o
getNewFiles                                       main.o
getc0                                             ../lib/serial.o
getkey_serial0                                    ../lib/serial.o
green                                             ../lib/LCD_driver.o
                                                  main.o
handleDownButton                                  main.o
handleMiddleButton                                main.o
handleUpButton                                    main.o
highlightRow                                      main.o
init_serial0                                      ../lib/serial.o
isatty                                            ../lib/syscalls.o
loadSongInfo                                      main.o
main                                              main.o
                                                  Startup.o
main_msc                                          ../Bootloader/LPCUSB/main_msc.o
                                                  main.o
malloc                                            /home/kisom/Downloads/ARM/gcc-arm/gnuarm-4.0.2/bin/../lib/gcc/arm-elf/4.0.2/../../../../arm-elf/lib/interwork/libc.a(malloc.o)
                                                  ../lib/partition.o
                                                  ../lib/fat16.o
memcpy                                            /home/kisom/Downloads/ARM/gcc-arm/gnuarm-4.0.2/bin/../lib/gcc/arm-elf/4.0.2/../../../../arm-elf/lib/interwork/libc.a(memcpy.o)
                                                  ../Bootloader/LPCUSB/msc_scsi.o
                                                  ../lib/fat16.o
                                                  ../lib/sd_raw.o
memset                                            /home/kisom/Downloads/ARM/gcc-arm/gnuarm-4.0.2/bin/../lib/gcc/arm-elf/4.0.2/../../../../arm-elf/lib/interwork/libc.a(memset.o)
                                                  ../lib/partition.o
                                                  ../lib/fat16.o
                                                  ../lib/sd_raw.o
newline                                           main.o
ns73Config                                        ../lib/NS73.o
                                                  main.o
ns73Init                                          ../lib/NS73.o
                                                  main.o
ns73Send                                          ../lib/NS73.o
                                                  main.o
ns73SerialReset                                   ../lib/NS73.o
ns73SetChannel                                    ../lib/NS73.o
                                                  main.o
open_file_in_dir                                  ../lib/fat16.o
                                                  ../lib/rootdir.o
openroot                                          ../lib/rootdir.o
                                                  main.o
partition                                         ../lib/rootdir.o
partition_close                                   ../lib/partition.o
partition_open                                    ../lib/partition.o
                                                  ../lib/rootdir.o
printMenu                                         main.o
print_disk_info                                   ../lib/rootdir.o
putc_serial0                                      ../lib/serial.o
                                                  main.o
putchar_serial0                                   ../lib/serial.o
putstring_serial0                                 ../lib/serial.o
quickClear                                        main.o
radio_channel                                     main.o
radio_channel_menu                                main.o
radio_enable                                      main.o
radio_power                                       main.o
red                                               ../lib/LCD_driver.o
reset                                             main.o
rootDirectory_files                               ../lib/rootdir.o
                                                  main.o
rootDirectory_files_stream                        ../lib/rootdir.o
                                                  main.o
root_delete                                       ../lib/rootdir.o
root_disk_info                                    ../lib/rootdir.o
root_file_exists                                  ../lib/rootdir.o
                                                  main.o
root_format                                       ../lib/rootdir.o
root_open                                         ../lib/rootdir.o
                                                  main.o
root_open_new                                     ../lib/rootdir.o
rprintf                                           ../lib/rprintf.o
                                                  ../Bootloader/LPCUSB/lpc2000_spi.o
                                                  ../Bootloader/LPCUSB/blockdev_sd.o
                                                  ../Bootloader/LPCUSB/main_msc.o
                                                  ../lib/fat16.o
                                                  ../lib/sd_raw.o
                                                  ../lib/rootdir.o
                                                  main.o
rprintf_devopen                                   ../lib/rprintf.o
                                                  main.o
sd_raw_available                                  ../lib/sd_raw.o
sd_raw_get_info                                   ../lib/sd_raw.o
                                                  ../lib/rootdir.o
sd_raw_init                                       ../lib/sd_raw.o
                                                  main.o
sd_raw_locked                                     ../lib/sd_raw.o
sd_raw_read                                       ../lib/sd_raw.o
                                                  ../lib/rootdir.o
sd_raw_read_interval                              ../lib/sd_raw.o
                                                  ../lib/rootdir.o
sd_raw_sync                                       ../lib/sd_raw.o
sd_raw_write                                      ../lib/sd_raw.o
                                                  ../lib/rootdir.o
settings                                          main.o
strchr                                            /home/kisom/Downloads/ARM/gcc-arm/gnuarm-4.0.2/bin/../lib/gcc/arm-elf/4.0.2/../../../../arm-elf/lib/interwork/libc.a(strchr.o)
                                                  /home/kisom/Downloads/ARM/gcc-arm/gnuarm-4.0.2/bin/../lib/gcc/arm-elf/4.0.2/../../../../arm-elf/lib/interwork/libc.a(strrchr.o)
                                                  ../lib/fat16.o
strcmp                                            /home/kisom/Downloads/ARM/gcc-arm/gnuarm-4.0.2/bin/../lib/gcc/arm-elf/4.0.2/../../../../arm-elf/lib/interwork/libc.a(strcmp.o)
                                                  ../lib/fat16.o
strlen                                            /home/kisom/Downloads/ARM/gcc-arm/gnuarm-4.0.2/bin/../lib/gcc/arm-elf/4.0.2/../../../../arm-elf/lib/interwork/libc.a(strlen.o)
                                                  ../lib/fat16.o
strncmp                                           /home/kisom/Downloads/ARM/gcc-arm/gnuarm-4.0.2/bin/../lib/gcc/arm-elf/4.0.2/../../../../arm-elf/lib/interwork/libc.a(strncmp.o)
                                                  ../lib/fat16.o
strncpy                                           /home/kisom/Downloads/ARM/gcc-arm/gnuarm-4.0.2/bin/../lib/gcc/arm-elf/4.0.2/../../../../arm-elf/lib/interwork/libc.a(strncpy.o)
                                                  ../lib/fat16.o
strrchr                                           /home/kisom/Downloads/ARM/gcc-arm/gnuarm-4.0.2/bin/../lib/gcc/arm-elf/4.0.2/../../../../arm-elf/lib/interwork/libc.a(strrchr.o)
                                                  ../lib/fat16.o
volume                                            main.o
volume_setting                                    main.o
vs1002Config                                      ../lib/vs1002.o
                                                  main.o
vs1002Finish                                      ../lib/vs1002.o
                                                  main.o
vs1002Init                                        ../lib/vs1002.o
                                                  main.o
vs1002Mute                                        ../lib/vs1002.o
vs1002Reset                                       ../lib/vs1002.o
                                                  main.o
vs1002SCIRead                                     ../lib/vs1002.o
vs1002SCIWrite                                    ../lib/vs1002.o
                                                  main.o
vs1002SendMusic                                   ../lib/vs1002.o
                                                  main.o
vs1002SetVolume                                   ../lib/vs1002.o
                                                  main.o
vs1002SineTest                                    ../lib/vs1002.o
welcome                                           main.o
white                                             ../lib/LCD_driver.o
                                                  main.o
